Archive member included because of file (symbol)

/opt/Freescale/KDS_v3/toolchain/bin/../lib/gcc/arm-none-eabi/4.8.4/../../../../arm-none-eabi/lib/armv7e-m/fpu/libg_s.a(lib_a-errno.o)
                              ./utilities/fsl_sbrk.o (__errno)
/opt/Freescale/KDS_v3/toolchain/bin/../lib/gcc/arm-none-eabi/4.8.4/../../../../arm-none-eabi/lib/armv7e-m/fpu/libg_s.a(lib_a-exit.o)
                              /opt/Freescale/KDS_v3/toolchain/bin/../lib/gcc/arm-none-eabi/4.8.4/../../../../arm-none-eabi/lib/armv7e-m/fpu/crt0.o (exit)
/opt/Freescale/KDS_v3/toolchain/bin/../lib/gcc/arm-none-eabi/4.8.4/../../../../arm-none-eabi/lib/armv7e-m/fpu/libg_s.a(lib_a-impure.o)
                              /opt/Freescale/KDS_v3/toolchain/bin/../lib/gcc/arm-none-eabi/4.8.4/../../../../arm-none-eabi/lib/armv7e-m/fpu/libg_s.a(lib_a-exit.o) (_global_impure_ptr)
/opt/Freescale/KDS_v3/toolchain/bin/../lib/gcc/arm-none-eabi/4.8.4/../../../../arm-none-eabi/lib/armv7e-m/fpu/libg_s.a(lib_a-init.o)
                              /opt/Freescale/KDS_v3/toolchain/bin/../lib/gcc/arm-none-eabi/4.8.4/../../../../arm-none-eabi/lib/armv7e-m/fpu/crt0.o (__libc_init_array)
/opt/Freescale/KDS_v3/toolchain/bin/../lib/gcc/arm-none-eabi/4.8.4/../../../../arm-none-eabi/lib/armv7e-m/fpu/libg_s.a(lib_a-memcpy-stub.o)
                              ./freertos/Source/queue.o (memcpy)
/opt/Freescale/KDS_v3/toolchain/bin/../lib/gcc/arm-none-eabi/4.8.4/../../../../arm-none-eabi/lib/armv7e-m/fpu/libg_s.a(lib_a-memset.o)
                              /opt/Freescale/KDS_v3/toolchain/bin/../lib/gcc/arm-none-eabi/4.8.4/../../../../arm-none-eabi/lib/armv7e-m/fpu/crt0.o (memset)
/opt/Freescale/KDS_v3/toolchain/bin/../lib/gcc/arm-none-eabi/4.8.4/../../../../arm-none-eabi/lib/armv7e-m/fpu/libg_s.a(lib_a-strlen.o)
                              ./utilities/fsl_debug_console.o (strlen)
/opt/Freescale/KDS_v3/toolchain/bin/../lib/gcc/arm-none-eabi/4.8.4/../../../../arm-none-eabi/lib/armv7e-m/fpu/libnosys.a(_exit.o)
                              /opt/Freescale/KDS_v3/toolchain/bin/../lib/gcc/arm-none-eabi/4.8.4/../../../../arm-none-eabi/lib/armv7e-m/fpu/libg_s.a(lib_a-exit.o) (_exit)

Discarded input sections

 .text          0x00000000        0x0 /opt/Freescale/KDS_v3/toolchain/bin/../lib/gcc/arm-none-eabi/4.8.4/armv7e-m/fpu/crti.o
 .data          0x00000000        0x0 /opt/Freescale/KDS_v3/toolchain/bin/../lib/gcc/arm-none-eabi/4.8.4/armv7e-m/fpu/crti.o
 .bss           0x00000000        0x0 /opt/Freescale/KDS_v3/toolchain/bin/../lib/gcc/arm-none-eabi/4.8.4/armv7e-m/fpu/crti.o
 .data          0x00000000        0x4 /opt/Freescale/KDS_v3/toolchain/bin/../lib/gcc/arm-none-eabi/4.8.4/armv7e-m/fpu/crtbegin.o
 .data          0x00000000        0x0 /opt/Freescale/KDS_v3/toolchain/bin/../lib/gcc/arm-none-eabi/4.8.4/../../../../arm-none-eabi/lib/armv7e-m/fpu/crt0.o
 .bss           0x00000000        0x0 /opt/Freescale/KDS_v3/toolchain/bin/../lib/gcc/arm-none-eabi/4.8.4/../../../../arm-none-eabi/lib/armv7e-m/fpu/crt0.o
 .ARM.extab     0x00000000        0x0 /opt/Freescale/KDS_v3/toolchain/bin/../lib/gcc/arm-none-eabi/4.8.4/../../../../arm-none-eabi/lib/armv7e-m/fpu/crt0.o
 .text          0x00000000        0x0 ./utilities/fsl_debug_console.o
 .data          0x00000000        0x0 ./utilities/fsl_debug_console.o
 .bss           0x00000000        0x0 ./utilities/fsl_debug_console.o
 .text.DbgConsole_Deinit
                0x00000000       0x48 ./utilities/fsl_debug_console.o
 .text.DbgConsole_Scanf
                0x00000000       0xb8 ./utilities/fsl_debug_console.o
 .text.DbgConsole_Getchar
                0x00000000       0x38 ./utilities/fsl_debug_console.o
 .text.DbgConsole_ScanIgnoreWhiteSpace
                0x00000000       0x60 ./utilities/fsl_debug_console.o
 .text.DbgConsole_ScanfFormattedData
                0x00000000      0x620 ./utilities/fsl_debug_console.o
 .text._write   0x00000000       0x58 ./utilities/fsl_debug_console.o
 .text._read    0x00000000       0x44 ./utilities/fsl_debug_console.o
 .text          0x00000000        0x0 ./utilities/fsl_sbrk.o
 .data          0x00000000        0x0 ./utilities/fsl_sbrk.o
 .bss           0x00000000        0x0 ./utilities/fsl_sbrk.o
 .text._sbrk    0x00000000       0x5c ./utilities/fsl_sbrk.o
 .bss.heap_end.4522
                0x00000000        0x4 ./utilities/fsl_sbrk.o
 .debug_info    0x00000000      0x10e ./utilities/fsl_sbrk.o
 .debug_abbrev  0x00000000       0xa0 ./utilities/fsl_sbrk.o
 .debug_aranges
                0x00000000       0x20 ./utilities/fsl_sbrk.o
 .debug_ranges  0x00000000       0x10 ./utilities/fsl_sbrk.o
 .debug_line    0x00000000       0x95 ./utilities/fsl_sbrk.o
 .debug_str     0x00000000      0x22c ./utilities/fsl_sbrk.o
 .comment       0x00000000       0x71 ./utilities/fsl_sbrk.o
 .ARM.attributes
                0x00000000       0x39 ./utilities/fsl_sbrk.o
 .debug_frame   0x00000000       0x30 ./utilities/fsl_sbrk.o
 .text          0x00000000        0x0 ./sources/board.o
 .data          0x00000000        0x0 ./sources/board.o
 .bss           0x00000000        0x0 ./sources/board.o
 .text          0x00000000        0x0 ./sources/clock_config.o
 .data          0x00000000        0x0 ./sources/clock_config.o
 .bss           0x00000000        0x0 ./sources/clock_config.o
 .text.SMC_SetPowerModeProtection
                0x00000000       0x1c ./sources/clock_config.o
 .text.SMC_GetPowerModeState
                0x00000000       0x1c ./sources/clock_config.o
 .text.BOARD_BootClockVLPR
                0x00000000       0x64 ./sources/clock_config.o
 .text          0x00000000        0x0 ./sources/freertos_mutex.o
 .data          0x00000000        0x0 ./sources/freertos_mutex.o
 .bss           0x00000000        0x0 ./sources/freertos_mutex.o
 .text          0x00000000        0x0 ./sources/pin_mux.o
 .data          0x00000000        0x0 ./sources/pin_mux.o
 .bss           0x00000000        0x0 ./sources/pin_mux.o
 .text          0x00000000        0x0 ./freertos/Source/portable/MemMang/heap_4.o
 .data          0x00000000        0x0 ./freertos/Source/portable/MemMang/heap_4.o
 .bss           0x00000000        0x0 ./freertos/Source/portable/MemMang/heap_4.o
 .rodata.xHeapStructSize
                0x00000000        0x4 ./freertos/Source/portable/MemMang/heap_4.o
 .text.xPortGetFreeHeapSize
                0x00000000       0x18 ./freertos/Source/portable/MemMang/heap_4.o
 .text.xPortGetMinimumEverFreeHeapSize
                0x00000000       0x18 ./freertos/Source/portable/MemMang/heap_4.o
 .text.vPortInitialiseBlocks
                0x00000000        0xc ./freertos/Source/portable/MemMang/heap_4.o
 .text          0x00000000        0x0 ./freertos/Source/portable/GCC/ARM_CM4F/fsl_tickless_systick.o
 .data          0x00000000        0x0 ./freertos/Source/portable/GCC/ARM_CM4F/fsl_tickless_systick.o
 .bss           0x00000000        0x0 ./freertos/Source/portable/GCC/ARM_CM4F/fsl_tickless_systick.o
 .text          0x00000000        0x0 ./freertos/Source/portable/GCC/ARM_CM4F/port.o
 .data          0x00000000        0x0 ./freertos/Source/portable/GCC/ARM_CM4F/port.o
 .bss           0x00000000        0x0 ./freertos/Source/portable/GCC/ARM_CM4F/port.o
 .rodata.pcInterruptPriorityRegisters
                0x00000000        0x4 ./freertos/Source/portable/GCC/ARM_CM4F/port.o
 .text.vPortEndScheduler
                0x00000000       0x34 ./freertos/Source/portable/GCC/ARM_CM4F/port.o
 .text          0x00000000        0x0 ./freertos/Source/croutine.o
 .data          0x00000000        0x0 ./freertos/Source/croutine.o
 .bss           0x00000000        0x0 ./freertos/Source/croutine.o
 .debug_info    0x00000000       0x72 ./freertos/Source/croutine.o
 .debug_abbrev  0x00000000       0x26 ./freertos/Source/croutine.o
 .debug_aranges
                0x00000000       0x18 ./freertos/Source/croutine.o
 .debug_line    0x00000000       0x1d ./freertos/Source/croutine.o
 .debug_str     0x00000000      0x1f1 ./freertos/Source/croutine.o
 .comment       0x00000000       0x71 ./freertos/Source/croutine.o
 .ARM.attributes
                0x00000000       0x39 ./freertos/Source/croutine.o
 .text          0x00000000        0x0 ./freertos/Source/event_groups.o
 .data          0x00000000        0x0 ./freertos/Source/event_groups.o
 .bss           0x00000000        0x0 ./freertos/Source/event_groups.o
 .text.xEventGroupCreate
                0x00000000       0x30 ./freertos/Source/event_groups.o
 .text.xEventGroupSync
                0x00000000      0x154 ./freertos/Source/event_groups.o
 .text.xEventGroupWaitBits
                0x00000000      0x194 ./freertos/Source/event_groups.o
 .text.xEventGroupClearBits
                0x00000000       0x6c ./freertos/Source/event_groups.o
 .text.xEventGroupGetBitsFromISR
                0x00000000       0x48 ./freertos/Source/event_groups.o
 .text.xEventGroupSetBits
                0x00000000      0x114 ./freertos/Source/event_groups.o
 .text.vEventGroupDelete
                0x00000000       0x60 ./freertos/Source/event_groups.o
 .text.vEventGroupSetBitsCallback
                0x00000000       0x18 ./freertos/Source/event_groups.o
 .text.vEventGroupClearBitsCallback
                0x00000000       0x18 ./freertos/Source/event_groups.o
 .text.prvTestWaitCondition
                0x00000000       0x44 ./freertos/Source/event_groups.o
 .text.uxEventGroupGetNumber
                0x00000000       0x2c ./freertos/Source/event_groups.o
 .debug_info    0x00000000      0x8b7 ./freertos/Source/event_groups.o
 .debug_abbrev  0x00000000      0x1f4 ./freertos/Source/event_groups.o
 .debug_aranges
                0x00000000       0x70 ./freertos/Source/event_groups.o
 .debug_ranges  0x00000000       0x60 ./freertos/Source/event_groups.o
 .debug_line    0x00000000      0x3a9 ./freertos/Source/event_groups.o
 .debug_str     0x00000000      0x5ea ./freertos/Source/event_groups.o
 .comment       0x00000000       0x71 ./freertos/Source/event_groups.o
 .ARM.attributes
                0x00000000       0x39 ./freertos/Source/event_groups.o
 .debug_frame   0x00000000      0x164 ./freertos/Source/event_groups.o
 .text          0x00000000        0x0 ./freertos/Source/list.o
 .data          0x00000000        0x0 ./freertos/Source/list.o
 .bss           0x00000000        0x0 ./freertos/Source/list.o
 .text          0x00000000        0x0 ./freertos/Source/queue.o
 .data          0x00000000        0x0 ./freertos/Source/queue.o
 .bss           0x00000000        0x0 ./freertos/Source/queue.o
 .text.xQueueGiveMutexRecursive
                0x00000000       0x68 ./freertos/Source/queue.o
 .text.xQueueTakeMutexRecursive
                0x00000000       0x70 ./freertos/Source/queue.o
 .text.xQueueCreateCountingSemaphore
                0x00000000       0x64 ./freertos/Source/queue.o
 .text.xQueueGiveFromISR
                0x00000000      0x114 ./freertos/Source/queue.o
 .text.xQueueReceiveFromISR
                0x00000000       0xfc ./freertos/Source/queue.o
 .text.xQueuePeekFromISR
                0x00000000       0xcc ./freertos/Source/queue.o
 .text.uxQueueMessagesWaiting
                0x00000000       0x3c ./freertos/Source/queue.o
 .text.uxQueueSpacesAvailable
                0x00000000       0x44 ./freertos/Source/queue.o
 .text.uxQueueMessagesWaitingFromISR
                0x00000000       0x38 ./freertos/Source/queue.o
 .text.vQueueDelete
                0x00000000       0x38 ./freertos/Source/queue.o
 .text.uxQueueGetQueueNumber
                0x00000000       0x18 ./freertos/Source/queue.o
 .text.vQueueSetQueueNumber
                0x00000000       0x1c ./freertos/Source/queue.o
 .text.ucQueueGetQueueType
                0x00000000       0x1c ./freertos/Source/queue.o
 .text.xQueueIsQueueEmptyFromISR
                0x00000000       0x44 ./freertos/Source/queue.o
 .text.xQueueIsQueueFullFromISR
                0x00000000       0x48 ./freertos/Source/queue.o
 .text.pcQueueGetName
                0x00000000       0x4c ./freertos/Source/queue.o
 .text.vQueueUnregisterQueue
                0x00000000       0x50 ./freertos/Source/queue.o
 .text          0x00000000        0x0 ./freertos/Source/tasks.o
 .data          0x00000000        0x0 ./freertos/Source/tasks.o
 .bss           0x00000000        0x0 ./freertos/Source/tasks.o
 .text.vTaskDelete
                0x00000000      0x11c ./freertos/Source/tasks.o
 .text.vTaskDelayUntil
                0x00000000       0xf4 ./freertos/Source/tasks.o
 .text.vTaskDelay
                0x00000000       0x64 ./freertos/Source/tasks.o
 .text.eTaskGetState
                0x00000000       0xb0 ./freertos/Source/tasks.o
 .text.uxTaskPriorityGet
                0x00000000       0x34 ./freertos/Source/tasks.o
 .text.uxTaskPriorityGetFromISR
                0x00000000       0x58 ./freertos/Source/tasks.o
 .text.vTaskPrioritySet
                0x00000000      0x158 ./freertos/Source/tasks.o
 .text.vTaskSuspend
                0x00000000      0x10c ./freertos/Source/tasks.o
 .text.prvTaskIsTaskSuspended
                0x00000000       0x74 ./freertos/Source/tasks.o
 .text.vTaskResume
                0x00000000       0xb8 ./freertos/Source/tasks.o
 .text.xTaskResumeFromISR
                0x00000000       0xe0 ./freertos/Source/tasks.o
 .text.vTaskEndScheduler
                0x00000000       0x2c ./freertos/Source/tasks.o
 .text.xTaskGetTickCountFromISR
                0x00000000       0x24 ./freertos/Source/tasks.o
 .text.uxTaskGetNumberOfTasks
                0x00000000       0x18 ./freertos/Source/tasks.o
 .text.pcTaskGetName
                0x00000000       0x48 ./freertos/Source/tasks.o
 .text.uxTaskGetSystemState
                0x00000000      0x118 ./freertos/Source/tasks.o
 .text.vTaskPlaceOnUnorderedEventList
                0x00000000       0x74 ./freertos/Source/tasks.o
 .text.xTaskRemoveFromUnorderedEventList
                0x00000000       0xcc ./freertos/Source/tasks.o
 .text.uxTaskGetTaskNumber
                0x00000000       0x2c ./freertos/Source/tasks.o
 .text.vTaskSetTaskNumber
                0x00000000       0x24 ./freertos/Source/tasks.o
 .text.vTaskSetThreadLocalStoragePointer
                0x00000000       0x3c ./freertos/Source/tasks.o
 .text.pvTaskGetThreadLocalStoragePointer
                0x00000000       0x48 ./freertos/Source/tasks.o
 .text.vTaskGetInfo
                0x00000000       0xb8 ./freertos/Source/tasks.o
 .text.prvListTasksWithinSingleList
                0x00000000       0xa4 ./freertos/Source/tasks.o
 .text.prvTaskCheckFreeStackSpace
                0x00000000       0x38 ./freertos/Source/tasks.o
 .text.xTaskGetCurrentTaskHandle
                0x00000000       0x20 ./freertos/Source/tasks.o
 .text.uxTaskResetEventItemValue
                0x00000000       0x30 ./freertos/Source/tasks.o
 .text.ulTaskNotifyTake
                0x00000000       0x90 ./freertos/Source/tasks.o
 .text.xTaskNotifyWait
                0x00000000       0xb4 ./freertos/Source/tasks.o
 .text.xTaskGenericNotify
                0x00000000      0x140 ./freertos/Source/tasks.o
 .text.xTaskGenericNotifyFromISR
                0x00000000      0x18c ./freertos/Source/tasks.o
 .text.vTaskNotifyGiveFromISR
                0x00000000      0x11c ./freertos/Source/tasks.o
 .text.xTaskNotifyStateClear
                0x00000000       0x4c ./freertos/Source/tasks.o
 .text          0x00000000        0x0 ./freertos/Source/timers.o
 .data          0x00000000        0x0 ./freertos/Source/timers.o
 .bss           0x00000000        0x0 ./freertos/Source/timers.o
 .text.xTimerCreate
                0x00000000       0x3c ./freertos/Source/timers.o
 .text.prvInitialiseNewTimer
                0x00000000       0x60 ./freertos/Source/timers.o
 .text.xTimerGetTimerDaemonTaskHandle
                0x00000000       0x38 ./freertos/Source/timers.o
 .text.xTimerGetPeriod
                0x00000000       0x38 ./freertos/Source/timers.o
 .text.xTimerGetExpiryTime
                0x00000000       0x3c ./freertos/Source/timers.o
 .text.pcTimerGetName
                0x00000000       0x38 ./freertos/Source/timers.o
 .text.xTimerIsTimerActive
                0x00000000       0x48 ./freertos/Source/timers.o
 .text.pvTimerGetTimerID
                0x00000000       0x40 ./freertos/Source/timers.o
 .text.vTimerSetTimerID
                0x00000000       0x3c ./freertos/Source/timers.o
 .text          0x00000000        0x0 ./drivers/fsl_clock.o
 .data          0x00000000        0x0 ./drivers/fsl_clock.o
 .bss           0x00000000        0x0 ./drivers/fsl_clock.o
 .text.CLOCK_EnableClock
                0x00000000       0x34 ./drivers/fsl_clock.o
 .text.CLOCK_DisableClock
                0x00000000       0x38 ./drivers/fsl_clock.o
 .text.CLOCK_FllStableDelay
                0x00000000       0x24 ./drivers/fsl_clock.o
 .text.CLOCK_GetOsc0ErClkFreq
                0x00000000       0x48 ./drivers/fsl_clock.o
 .text.CLOCK_GetEr32kClkFreq
                0x00000000       0x80 ./drivers/fsl_clock.o
 .text.CLOCK_GetPllFllSelClkFreq
                0x00000000       0x54 ./drivers/fsl_clock.o
 .text.CLOCK_GetPlatClkFreq
                0x00000000       0x24 ./drivers/fsl_clock.o
 .text.CLOCK_GetFlashClkFreq
                0x00000000       0x28 ./drivers/fsl_clock.o
 .text.CLOCK_GetFlexBusClkFreq
                0x00000000       0x28 ./drivers/fsl_clock.o
 .text.CLOCK_GetBusClkFreq
                0x00000000       0x28 ./drivers/fsl_clock.o
 .text.CLOCK_GetFreq
                0x00000000      0x144 ./drivers/fsl_clock.o
 .text.CLOCK_EnableUsbfs0Clock
                0x00000000      0x100 ./drivers/fsl_clock.o
 .text.CLOCK_GetInternalRefClkFreq
                0x00000000       0x24 ./drivers/fsl_clock.o
 .text.CLOCK_GetFixedFreqClkFreq
                0x00000000       0x30 ./drivers/fsl_clock.o
 .text.CLOCK_CalcPllDiv
                0x00000000      0x168 ./drivers/fsl_clock.o
 .text.CLOCK_SetOsc0MonitorMode
                0x00000000       0x78 ./drivers/fsl_clock.o
 .text.CLOCK_SetRtcOscMonitorMode
                0x00000000       0x48 ./drivers/fsl_clock.o
 .text.CLOCK_SetPll0MonitorMode
                0x00000000       0x74 ./drivers/fsl_clock.o
 .text.CLOCK_GetStatusFlags
                0x00000000       0x84 ./drivers/fsl_clock.o
 .text.CLOCK_ClearStatusFlags
                0x00000000       0x58 ./drivers/fsl_clock.o
 .text.CLOCK_DeinitOsc0
                0x00000000       0x2c ./drivers/fsl_clock.o
 .text.CLOCK_TrimInternalRefClk
                0x00000000      0x138 ./drivers/fsl_clock.o
 .text.CLOCK_GetMode
                0x00000000       0xc0 ./drivers/fsl_clock.o
 .text.CLOCK_SetFeiMode
                0x00000000       0xc4 ./drivers/fsl_clock.o
 .text.CLOCK_SetFeeMode
                0x00000000       0xe0 ./drivers/fsl_clock.o
 .text.CLOCK_SetFbiMode
                0x00000000       0xd4 ./drivers/fsl_clock.o
 .text.CLOCK_SetFbeMode
                0x00000000      0x104 ./drivers/fsl_clock.o
 .text.CLOCK_SetBlpiMode
                0x00000000       0x24 ./drivers/fsl_clock.o
 .text.CLOCK_SetBlpeMode
                0x00000000       0x24 ./drivers/fsl_clock.o
 .text.CLOCK_SetPeeMode
                0x00000000       0x38 ./drivers/fsl_clock.o
 .text.CLOCK_ExternalModeToFbeModeQuick
                0x00000000       0x6c ./drivers/fsl_clock.o
 .text.CLOCK_InternalModeToFbiModeQuick
                0x00000000       0x4c ./drivers/fsl_clock.o
 .text.CLOCK_BootToFeiMode
                0x00000000       0x28 ./drivers/fsl_clock.o
 .text.CLOCK_BootToFeeMode
                0x00000000       0x34 ./drivers/fsl_clock.o
 .text.CLOCK_BootToBlpiMode
                0x00000000       0x68 ./drivers/fsl_clock.o
 .text.CLOCK_BootToBlpeMode
                0x00000000       0x58 ./drivers/fsl_clock.o
 .rodata.mcgModeMatrix
                0x00000000       0x40 ./drivers/fsl_clock.o
 .text.CLOCK_SetMcgConfig
                0x00000000      0x200 ./drivers/fsl_clock.o
 .rodata.__func__.6363
                0x00000000       0x18 ./drivers/fsl_clock.o
 .rodata.__func__.6371
                0x00000000       0x18 ./drivers/fsl_clock.o
 .rodata.trimRange.6553
                0x00000000       0x10 ./drivers/fsl_clock.o
 .text          0x00000000        0x0 ./drivers/fsl_common.o
 .data          0x00000000        0x0 ./drivers/fsl_common.o
 .bss           0x00000000        0x0 ./drivers/fsl_common.o
 .text.InstallIRQHandler
                0x00000000       0x74 ./drivers/fsl_common.o
 .text          0x00000000        0x0 ./drivers/fsl_flash.o
 .data          0x00000000        0x0 ./drivers/fsl_flash.o
 .bss           0x00000000        0x0 ./drivers/fsl_flash.o
 .rodata.kFCCOBx
                0x00000000        0x4 ./drivers/fsl_flash.o
 .rodata.kFPROTL
                0x00000000        0x4 ./drivers/fsl_flash.o
 .bss.callFlashRunCommand
                0x00000000        0x4 ./drivers/fsl_flash.o
 .bss.callFlashCommonBitOperation
                0x00000000        0x4 ./drivers/fsl_flash.o
 .rodata.s_flashRunCommandFunctionCode
                0x00000000        0xc ./drivers/fsl_flash.o
 .rodata.s_flashCommonBitOperationFunctionCode
                0x00000000       0x1c ./drivers/fsl_flash.o
 .bss.s_flashRunCommand
                0x00000000       0x40 ./drivers/fsl_flash.o
 .bss.s_flashCommonBitOperation
                0x00000000       0x40 ./drivers/fsl_flash.o
 .bss.s_flashExecuteInRamFunctionInfo
                0x00000000        0xc ./drivers/fsl_flash.o
 .rodata.kPFlashDensities
                0x00000000       0x20 ./drivers/fsl_flash.o
 .text.FLASH_Init
                0x00000000       0xc4 ./drivers/fsl_flash.o
 .text.FLASH_SetCallback
                0x00000000       0x28 ./drivers/fsl_flash.o
 .text.FLASH_PrepareExecuteInRamFunctions
                0x00000000       0x3c ./drivers/fsl_flash.o
 .text.FLASH_EraseAll
                0x00000000       0x4c ./drivers/fsl_flash.o
 .text.FLASH_Erase
                0x00000000       0xd8 ./drivers/fsl_flash.o
 .text.FLASH_EraseAllExecuteOnlySegments
                0x00000000       0x4c ./drivers/fsl_flash.o
 .text.FLASH_Program
                0x00000000       0xd4 ./drivers/fsl_flash.o
 .text.FLASH_ProgramOnce
                0x00000000       0x60 ./drivers/fsl_flash.o
 .text.FLASH_ProgramSection
                0x00000000      0x154 ./drivers/fsl_flash.o
 .text.FLASH_ReadResource
                0x00000000       0xd8 ./drivers/fsl_flash.o
 .text.FLASH_ReadOnce
                0x00000000       0x60 ./drivers/fsl_flash.o
 .text.FLASH_GetSecurityState
                0x00000000       0x5c ./drivers/fsl_flash.o
 .text.FLASH_SecurityBypass
                0x00000000       0xa4 ./drivers/fsl_flash.o
 .text.FLASH_VerifyEraseAll
                0x00000000       0x3c ./drivers/fsl_flash.o
 .text.FLASH_VerifyErase
                0x00000000       0xf0 ./drivers/fsl_flash.o
 .text.FLASH_VerifyProgram
                0x00000000       0xc8 ./drivers/fsl_flash.o
 .text.FLASH_VerifyEraseAllExecuteOnlySegments
                0x00000000       0x3c ./drivers/fsl_flash.o
 .text.FLASH_IsProtected
                0x00000000      0x244 ./drivers/fsl_flash.o
 .text.FLASH_IsExecuteOnly
                0x00000000       0x40 ./drivers/fsl_flash.o
 .text.FLASH_GetProperty
                0x00000000       0xcc ./drivers/fsl_flash.o
 .text.FLASH_SwapControl
                0x00000000       0xb8 ./drivers/fsl_flash.o
 .text.FLASH_Swap
                0x00000000      0x11c ./drivers/fsl_flash.o
 .text.FLASH_PflashSetProtection
                0x00000000       0x40 ./drivers/fsl_flash.o
 .text.FLASH_PflashGetProtection
                0x00000000       0x34 ./drivers/fsl_flash.o
 .text.FLASH_PflashSetPrefetchSpeculation
                0x00000000       0x88 ./drivers/fsl_flash.o
 .text.FLASH_PflashGetPrefetchSpeculation
                0x00000000       0x60 ./drivers/fsl_flash.o
 .text.copy_flash_run_command
                0x00000000       0x2c ./drivers/fsl_flash.o
 .text.flash_command_sequence
                0x00000000       0x6c ./drivers/fsl_flash.o
 .text.copy_flash_common_bit_operation
                0x00000000       0x2c ./drivers/fsl_flash.o
 .text.flash_cache_clear
                0x00000000       0x4c ./drivers/fsl_flash.o
 .text.flash_check_execute_in_ram_function_info
                0x00000000       0x3c ./drivers/fsl_flash.o
 .text.flash_check_range
                0x00000000       0x64 ./drivers/fsl_flash.o
 .text.flash_get_matched_operation_info
                0x00000000       0x6c ./drivers/fsl_flash.o
 .text.flash_check_user_key
                0x00000000       0x28 ./drivers/fsl_flash.o
 .text.flash_check_resource_range
                0x00000000       0xa8 ./drivers/fsl_flash.o
 .text.flash_check_swap_control_option
                0x00000000       0x3c ./drivers/fsl_flash.o
 .text.flash_validate_swap_indicator_address
                0x00000000       0x48 ./drivers/fsl_flash.o
 .text.flash_get_protection_info
                0x00000000       0x60 ./drivers/fsl_flash.o
 .debug_info    0x00000000     0x1d6f ./drivers/fsl_flash.o
 .debug_abbrev  0x00000000      0x238 ./drivers/fsl_flash.o
 .debug_aranges
                0x00000000      0x148 ./drivers/fsl_flash.o
 .debug_ranges  0x00000000      0x138 ./drivers/fsl_flash.o
 .debug_line    0x00000000      0x6ab ./drivers/fsl_flash.o
 .debug_str     0x00000000     0x225e ./drivers/fsl_flash.o
 .comment       0x00000000       0x71 ./drivers/fsl_flash.o
 .ARM.attributes
                0x00000000       0x39 ./drivers/fsl_flash.o
 .debug_frame   0x00000000      0x4a8 ./drivers/fsl_flash.o
 .text          0x00000000        0x0 ./drivers/fsl_gpio.o
 .data          0x00000000        0x0 ./drivers/fsl_gpio.o
 .bss           0x00000000        0x0 ./drivers/fsl_gpio.o
 .text.GPIO_WritePinOutput
                0x00000000       0x34 ./drivers/fsl_gpio.o
 .rodata.s_portBases
                0x00000000       0x14 ./drivers/fsl_gpio.o
 .rodata.s_gpioBases
                0x00000000       0x14 ./drivers/fsl_gpio.o
 .rodata        0x00000000       0x48 ./drivers/fsl_gpio.o
 .text.GPIO_GetInstance
                0x00000000       0x58 ./drivers/fsl_gpio.o
 .text.GPIO_PinInit
                0x00000000       0x70 ./drivers/fsl_gpio.o
 .text.GPIO_GetPinsInterruptFlags
                0x00000000       0x30 ./drivers/fsl_gpio.o
 .text.GPIO_ClearPinsInterruptFlags
                0x00000000       0x30 ./drivers/fsl_gpio.o
 .rodata.__func__.6336
                0x00000000       0x14 ./drivers/fsl_gpio.o
 .rodata.__func__.6342
                0x00000000       0x10 ./drivers/fsl_gpio.o
 .debug_info    0x00000000      0x54f ./drivers/fsl_gpio.o
 .debug_abbrev  0x00000000      0x192 ./drivers/fsl_gpio.o
 .debug_aranges
                0x00000000       0x40 ./drivers/fsl_gpio.o
 .debug_ranges  0x00000000       0x30 ./drivers/fsl_gpio.o
 .debug_line    0x00000000      0x173 ./drivers/fsl_gpio.o
 .debug_str     0x00000000      0x75e ./drivers/fsl_gpio.o
 .comment       0x00000000       0x71 ./drivers/fsl_gpio.o
 .ARM.attributes
                0x00000000       0x39 ./drivers/fsl_gpio.o
 .debug_frame   0x00000000       0xac ./drivers/fsl_gpio.o
 .text          0x00000000        0x0 ./drivers/fsl_smc.o
 .data          0x00000000        0x0 ./drivers/fsl_smc.o
 .bss           0x00000000        0x0 ./drivers/fsl_smc.o
 .rodata        0x00000000        0x8 ./drivers/fsl_smc.o
 .text.SMC_PreEnterStopModes
                0x00000000       0x2c ./drivers/fsl_smc.o
 .text.SMC_PostExitStopModes
                0x00000000       0x24 ./drivers/fsl_smc.o
 .text.SMC_SetPowerModeRun
                0x00000000       0x2c ./drivers/fsl_smc.o
 .text.SMC_SetPowerModeWait
                0x00000000       0x30 ./drivers/fsl_smc.o
 .text.SMC_SetPowerModeStop
                0x00000000       0x60 ./drivers/fsl_smc.o
 .text.SMC_SetPowerModeVlpr
                0x00000000       0x50 ./drivers/fsl_smc.o
 .text.SMC_SetPowerModeVlpw
                0x00000000       0x30 ./drivers/fsl_smc.o
 .text.SMC_SetPowerModeVlps
                0x00000000       0x64 ./drivers/fsl_smc.o
 .text.SMC_SetPowerModeLls
                0x00000000       0x64 ./drivers/fsl_smc.o
 .text.SMC_SetPowerModeVlls
                0x00000000       0xb8 ./drivers/fsl_smc.o
 .debug_info    0x00000000      0x7c3 ./drivers/fsl_smc.o
 .debug_abbrev  0x00000000      0x1e7 ./drivers/fsl_smc.o
 .debug_aranges
                0x00000000       0x68 ./drivers/fsl_smc.o
 .debug_ranges  0x00000000       0x58 ./drivers/fsl_smc.o
 .debug_line    0x00000000      0x27a ./drivers/fsl_smc.o
 .debug_str     0x00000000      0x729 ./drivers/fsl_smc.o
 .comment       0x00000000       0x71 ./drivers/fsl_smc.o
 .ARM.attributes
                0x00000000       0x39 ./drivers/fsl_smc.o
 .debug_frame   0x00000000      0x130 ./drivers/fsl_smc.o
 .text          0x00000000        0x0 ./drivers/fsl_uart.o
 .data          0x00000000        0x0 ./drivers/fsl_uart.o
 .bss           0x00000000        0x0 ./drivers/fsl_uart.o
 .text.NVIC_EnableIRQ
                0x00000000       0x30 ./drivers/fsl_uart.o
 .text.CLOCK_DisableClock
                0x00000000       0x38 ./drivers/fsl_uart.o
 .text.EnableIRQ
                0x00000000       0x28 ./drivers/fsl_uart.o
 .rodata.s_uartIRQ
                0x00000000        0x8 ./drivers/fsl_uart.o
 .text.UART_TransferGetRxRingBufferLength
                0x00000000       0x6c ./drivers/fsl_uart.o
 .text.UART_TransferIsRxRingBufferFull
                0x00000000       0x4c ./drivers/fsl_uart.o
 .text.UART_Deinit
                0x00000000       0x48 ./drivers/fsl_uart.o
 .text.UART_SetBaudRate
                0x00000000      0x11c ./drivers/fsl_uart.o
 .text.UART_EnableInterrupts
                0x00000000       0x70 ./drivers/fsl_uart.o
 .text.UART_DisableInterrupts
                0x00000000       0x80 ./drivers/fsl_uart.o
 .text.UART_GetEnabledInterrupts
                0x00000000       0x4c ./drivers/fsl_uart.o
 .text.UART_ClearStatusFlags
                0x00000000       0x8c ./drivers/fsl_uart.o
 .text.UART_WriteNonBlocking
                0x00000000       0x54 ./drivers/fsl_uart.o
 .text.UART_ReadNonBlocking
                0x00000000       0x54 ./drivers/fsl_uart.o
 .text.UART_TransferCreateHandle
                0x00000000       0x98 ./drivers/fsl_uart.o
 .text.UART_TransferStartRingBuffer
                0x00000000       0x88 ./drivers/fsl_uart.o
 .text.UART_TransferStopRingBuffer
                0x00000000       0x78 ./drivers/fsl_uart.o
 .text.UART_TransferSendNonBlocking
                0x00000000       0xc4 ./drivers/fsl_uart.o
 .text.UART_TransferAbortSend
                0x00000000       0x48 ./drivers/fsl_uart.o
 .text.UART_TransferGetSendCount
                0x00000000       0x6c ./drivers/fsl_uart.o
 .text.UART_TransferReceiveNonBlocking
                0x00000000      0x1d8 ./drivers/fsl_uart.o
 .text.UART_TransferAbortReceive
                0x00000000       0x6c ./drivers/fsl_uart.o
 .text.UART_TransferGetReceiveCount
                0x00000000       0x78 ./drivers/fsl_uart.o
 .text.UART_TransferHandleIRQ
                0x00000000      0x414 ./drivers/fsl_uart.o
 .text.UART_TransferHandleErrorIRQ
                0x00000000       0x14 ./drivers/fsl_uart.o
 .rodata.__func__.6521
                0x00000000       0x24 ./drivers/fsl_uart.o
 .rodata.__func__.6526
                0x00000000       0x20 ./drivers/fsl_uart.o
 .rodata.__func__.6557
                0x00000000       0x14 ./drivers/fsl_uart.o
 .rodata.__func__.6601
                0x00000000       0x18 ./drivers/fsl_uart.o
 .rodata.__func__.6624
                0x00000000       0x18 ./drivers/fsl_uart.o
 .rodata.__func__.6635
                0x00000000       0x1c ./drivers/fsl_uart.o
 .rodata.__func__.6643
                0x00000000       0x20 ./drivers/fsl_uart.o
 .rodata.__func__.6648
                0x00000000       0x1c ./drivers/fsl_uart.o
 .rodata.__func__.6654
                0x00000000       0x20 ./drivers/fsl_uart.o
 .rodata.__func__.6660
                0x00000000       0x18 ./drivers/fsl_uart.o
 .rodata.__func__.6666
                0x00000000       0x1c ./drivers/fsl_uart.o
 .rodata.__func__.6673
                0x00000000       0x20 ./drivers/fsl_uart.o
 .rodata.__func__.6686
                0x00000000       0x1c ./drivers/fsl_uart.o
 .rodata.__func__.6692
                0x00000000       0x20 ./drivers/fsl_uart.o
 .rodata.__func__.6697
                0x00000000       0x18 ./drivers/fsl_uart.o
 .data          0x00000000        0x0 ./devices/gcc/startup_MK64F12.o
 .bss           0x00000000        0x0 ./devices/gcc/startup_MK64F12.o
 .text          0x00000000        0x0 ./devices/system_MK64F12.o
 .data          0x00000000        0x0 ./devices/system_MK64F12.o
 .bss           0x00000000        0x0 ./devices/system_MK64F12.o
 .text.SystemCoreClockUpdate
                0x00000000      0x270 ./devices/system_MK64F12.o
 .text          0x00000000        0x0 /opt/Freescale/KDS_v3/toolchain/bin/../lib/gcc/arm-none-eabi/4.8.4/../../../../arm-none-eabi/lib/armv7e-m/fpu/libg_s.a(lib_a-errno.o)
 .data          0x00000000        0x0 /opt/Freescale/KDS_v3/toolchain/bin/../lib/gcc/arm-none-eabi/4.8.4/../../../../arm-none-eabi/lib/armv7e-m/fpu/libg_s.a(lib_a-errno.o)
 .bss           0x00000000        0x0 /opt/Freescale/KDS_v3/toolchain/bin/../lib/gcc/arm-none-eabi/4.8.4/../../../../arm-none-eabi/lib/armv7e-m/fpu/libg_s.a(lib_a-errno.o)
 .text.__errno  0x00000000        0xc /opt/Freescale/KDS_v3/toolchain/bin/../lib/gcc/arm-none-eabi/4.8.4/../../../../arm-none-eabi/lib/armv7e-m/fpu/libg_s.a(lib_a-errno.o)
 .ARM.attributes
                0x00000000       0x34 /opt/Freescale/KDS_v3/toolchain/bin/../lib/gcc/arm-none-eabi/4.8.4/../../../../arm-none-eabi/lib/armv7e-m/fpu/libg_s.a(lib_a-errno.o)
 .debug_frame   0x00000000       0x20 /opt/Freescale/KDS_v3/toolchain/bin/../lib/gcc/arm-none-eabi/4.8.4/../../../../arm-none-eabi/lib/armv7e-m/fpu/libg_s.a(lib_a-errno.o)
 .text          0x00000000        0x0 /opt/Freescale/KDS_v3/toolchain/bin/../lib/gcc/arm-none-eabi/4.8.4/../../../../arm-none-eabi/lib/armv7e-m/fpu/libg_s.a(lib_a-exit.o)
 .data          0x00000000        0x0 /opt/Freescale/KDS_v3/toolchain/bin/../lib/gcc/arm-none-eabi/4.8.4/../../../../arm-none-eabi/lib/armv7e-m/fpu/libg_s.a(lib_a-exit.o)
 .bss           0x00000000        0x0 /opt/Freescale/KDS_v3/toolchain/bin/../lib/gcc/arm-none-eabi/4.8.4/../../../../arm-none-eabi/lib/armv7e-m/fpu/libg_s.a(lib_a-exit.o)
 .text          0x00000000        0x0 /opt/Freescale/KDS_v3/toolchain/bin/../lib/gcc/arm-none-eabi/4.8.4/../../../../arm-none-eabi/lib/armv7e-m/fpu/libg_s.a(lib_a-impure.o)
 .data          0x00000000        0x0 /opt/Freescale/KDS_v3/toolchain/bin/../lib/gcc/arm-none-eabi/4.8.4/../../../../arm-none-eabi/lib/armv7e-m/fpu/libg_s.a(lib_a-impure.o)
 .bss           0x00000000        0x0 /opt/Freescale/KDS_v3/toolchain/bin/../lib/gcc/arm-none-eabi/4.8.4/../../../../arm-none-eabi/lib/armv7e-m/fpu/libg_s.a(lib_a-impure.o)
 .data._impure_ptr
                0x00000000        0x4 /opt/Freescale/KDS_v3/toolchain/bin/../lib/gcc/arm-none-eabi/4.8.4/../../../../arm-none-eabi/lib/armv7e-m/fpu/libg_s.a(lib_a-impure.o)
 .text          0x00000000        0x0 /opt/Freescale/KDS_v3/toolchain/bin/../lib/gcc/arm-none-eabi/4.8.4/../../../../arm-none-eabi/lib/armv7e-m/fpu/libg_s.a(lib_a-init.o)
 .data          0x00000000        0x0 /opt/Freescale/KDS_v3/toolchain/bin/../lib/gcc/arm-none-eabi/4.8.4/../../../../arm-none-eabi/lib/armv7e-m/fpu/libg_s.a(lib_a-init.o)
 .bss           0x00000000        0x0 /opt/Freescale/KDS_v3/toolchain/bin/../lib/gcc/arm-none-eabi/4.8.4/../../../../arm-none-eabi/lib/armv7e-m/fpu/libg_s.a(lib_a-init.o)
 .text          0x00000000        0x0 /opt/Freescale/KDS_v3/toolchain/bin/../lib/gcc/arm-none-eabi/4.8.4/../../../../arm-none-eabi/lib/armv7e-m/fpu/libg_s.a(lib_a-memcpy-stub.o)
 .data          0x00000000        0x0 /opt/Freescale/KDS_v3/toolchain/bin/../lib/gcc/arm-none-eabi/4.8.4/../../../../arm-none-eabi/lib/armv7e-m/fpu/libg_s.a(lib_a-memcpy-stub.o)
 .bss           0x00000000        0x0 /opt/Freescale/KDS_v3/toolchain/bin/../lib/gcc/arm-none-eabi/4.8.4/../../../../arm-none-eabi/lib/armv7e-m/fpu/libg_s.a(lib_a-memcpy-stub.o)
 .text          0x00000000        0x0 /opt/Freescale/KDS_v3/toolchain/bin/../lib/gcc/arm-none-eabi/4.8.4/../../../../arm-none-eabi/lib/armv7e-m/fpu/libg_s.a(lib_a-memset.o)
 .data          0x00000000        0x0 /opt/Freescale/KDS_v3/toolchain/bin/../lib/gcc/arm-none-eabi/4.8.4/../../../../arm-none-eabi/lib/armv7e-m/fpu/libg_s.a(lib_a-memset.o)
 .bss           0x00000000        0x0 /opt/Freescale/KDS_v3/toolchain/bin/../lib/gcc/arm-none-eabi/4.8.4/../../../../arm-none-eabi/lib/armv7e-m/fpu/libg_s.a(lib_a-memset.o)
 .text          0x00000000        0x0 /opt/Freescale/KDS_v3/toolchain/bin/../lib/gcc/arm-none-eabi/4.8.4/../../../../arm-none-eabi/lib/armv7e-m/fpu/libg_s.a(lib_a-strlen.o)
 .data          0x00000000        0x0 /opt/Freescale/KDS_v3/toolchain/bin/../lib/gcc/arm-none-eabi/4.8.4/../../../../arm-none-eabi/lib/armv7e-m/fpu/libg_s.a(lib_a-strlen.o)
 .bss           0x00000000        0x0 /opt/Freescale/KDS_v3/toolchain/bin/../lib/gcc/arm-none-eabi/4.8.4/../../../../arm-none-eabi/lib/armv7e-m/fpu/libg_s.a(lib_a-strlen.o)
 .text          0x00000000        0x0 /opt/Freescale/KDS_v3/toolchain/bin/../lib/gcc/arm-none-eabi/4.8.4/../../../../arm-none-eabi/lib/armv7e-m/fpu/libnosys.a(_exit.o)
 .data          0x00000000        0x0 /opt/Freescale/KDS_v3/toolchain/bin/../lib/gcc/arm-none-eabi/4.8.4/../../../../arm-none-eabi/lib/armv7e-m/fpu/libnosys.a(_exit.o)
 .bss           0x00000000        0x0 /opt/Freescale/KDS_v3/toolchain/bin/../lib/gcc/arm-none-eabi/4.8.4/../../../../arm-none-eabi/lib/armv7e-m/fpu/libnosys.a(_exit.o)
 .text          0x00000000        0x0 /opt/Freescale/KDS_v3/toolchain/bin/../lib/gcc/arm-none-eabi/4.8.4/armv7e-m/fpu/crtend.o
 .data          0x00000000        0x0 /opt/Freescale/KDS_v3/toolchain/bin/../lib/gcc/arm-none-eabi/4.8.4/armv7e-m/fpu/crtend.o
 .bss           0x00000000        0x0 /opt/Freescale/KDS_v3/toolchain/bin/../lib/gcc/arm-none-eabi/4.8.4/armv7e-m/fpu/crtend.o
 .eh_frame      0x00000000        0x4 /opt/Freescale/KDS_v3/toolchain/bin/../lib/gcc/arm-none-eabi/4.8.4/armv7e-m/fpu/crtend.o
 .text          0x00000000        0x0 /opt/Freescale/KDS_v3/toolchain/bin/../lib/gcc/arm-none-eabi/4.8.4/armv7e-m/fpu/crtn.o
 .data          0x00000000        0x0 /opt/Freescale/KDS_v3/toolchain/bin/../lib/gcc/arm-none-eabi/4.8.4/armv7e-m/fpu/crtn.o
 .bss           0x00000000        0x0 /opt/Freescale/KDS_v3/toolchain/bin/../lib/gcc/arm-none-eabi/4.8.4/armv7e-m/fpu/crtn.o

Memory Configuration

Name             Origin             Length             Attributes
m_interrupts     0x00000000         0x00000400         xr
m_flash_config   0x00000400         0x00000010         xr
m_text           0x00000410         0x000ffbf0         xr
m_data           0x1fff0000         0x00010000         rw
m_data_2         0x20000000         0x00030000         rw
*default*        0x00000000         0xffffffff

Linker script and memory map

LOAD /opt/Freescale/KDS_v3/toolchain/bin/../lib/gcc/arm-none-eabi/4.8.4/armv7e-m/fpu/crti.o
LOAD /opt/Freescale/KDS_v3/toolchain/bin/../lib/gcc/arm-none-eabi/4.8.4/armv7e-m/fpu/crtbegin.o
LOAD /opt/Freescale/KDS_v3/toolchain/bin/../lib/gcc/arm-none-eabi/4.8.4/../../../../arm-none-eabi/lib/armv7e-m/fpu/crt0.o
START GROUP
LOAD ./utilities/fsl_debug_console.o
LOAD ./utilities/fsl_sbrk.o
LOAD ./sources/board.o
LOAD ./sources/clock_config.o
LOAD ./sources/freertos_mutex.o
LOAD ./sources/pin_mux.o
LOAD ./freertos/Source/portable/MemMang/heap_4.o
LOAD ./freertos/Source/portable/GCC/ARM_CM4F/fsl_tickless_systick.o
LOAD ./freertos/Source/portable/GCC/ARM_CM4F/port.o
LOAD ./freertos/Source/croutine.o
LOAD ./freertos/Source/event_groups.o
LOAD ./freertos/Source/list.o
LOAD ./freertos/Source/queue.o
LOAD ./freertos/Source/tasks.o
LOAD ./freertos/Source/timers.o
LOAD ./drivers/fsl_clock.o
LOAD ./drivers/fsl_common.o
LOAD ./drivers/fsl_flash.o
LOAD ./drivers/fsl_gpio.o
LOAD ./drivers/fsl_smc.o
LOAD ./drivers/fsl_uart.o
LOAD ./devices/gcc/startup_MK64F12.o
LOAD ./devices/system_MK64F12.o
LOAD /opt/Freescale/KDS_v3/toolchain/bin/../lib/gcc/arm-none-eabi/4.8.4/../../../../arm-none-eabi/lib/armv7e-m/fpu/libg_s.a
LOAD /opt/Freescale/KDS_v3/toolchain/bin/../lib/gcc/arm-none-eabi/4.8.4/armv7e-m/fpu/libgcc.a
LOAD /opt/Freescale/KDS_v3/toolchain/bin/../lib/gcc/arm-none-eabi/4.8.4/../../../../arm-none-eabi/lib/armv7e-m/fpu/libnosys.a
END GROUP
LOAD /opt/Freescale/KDS_v3/toolchain/bin/../lib/gcc/arm-none-eabi/4.8.4/../../../../arm-none-eabi/lib/armv7e-m/fpu/libstdc++_s.a
LOAD /opt/Freescale/KDS_v3/toolchain/bin/../lib/gcc/arm-none-eabi/4.8.4/../../../../arm-none-eabi/lib/armv7e-m/fpu/libm.a
START GROUP
LOAD /opt/Freescale/KDS_v3/toolchain/bin/../lib/gcc/arm-none-eabi/4.8.4/armv7e-m/fpu/libgcc.a
LOAD /opt/Freescale/KDS_v3/toolchain/bin/../lib/gcc/arm-none-eabi/4.8.4/../../../../arm-none-eabi/lib/armv7e-m/fpu/libg_s.a
LOAD /opt/Freescale/KDS_v3/toolchain/bin/../lib/gcc/arm-none-eabi/4.8.4/../../../../arm-none-eabi/lib/armv7e-m/fpu/libc_s.a
END GROUP
START GROUP
LOAD /opt/Freescale/KDS_v3/toolchain/bin/../lib/gcc/arm-none-eabi/4.8.4/armv7e-m/fpu/libgcc.a
LOAD /opt/Freescale/KDS_v3/toolchain/bin/../lib/gcc/arm-none-eabi/4.8.4/../../../../arm-none-eabi/lib/armv7e-m/fpu/libc_s.a
END GROUP
LOAD /opt/Freescale/KDS_v3/toolchain/bin/../lib/gcc/arm-none-eabi/4.8.4/armv7e-m/fpu/crtend.o
LOAD /opt/Freescale/KDS_v3/toolchain/bin/../lib/gcc/arm-none-eabi/4.8.4/armv7e-m/fpu/crtn.o
                0x00000400                HEAP_SIZE = DEFINED (__heap_size__)?__heap_size__:0x400
                0x00000400                STACK_SIZE = DEFINED (__stack_size__)?__stack_size__:0x400
                0x00000000                M_VECTOR_RAM_SIZE = DEFINED (__ram_vector_table__)?0x400:0x0

.interrupts     0x00000000      0x400
                0x00000000                __VECTOR_TABLE = .
                0x00000000                . = ALIGN (0x4)
 *(.isr_vector)
 .isr_vector    0x00000000      0x400 ./devices/gcc/startup_MK64F12.o
                0x00000000                __isr_vector
                0x00000400                . = ALIGN (0x4)

.flash_config   0x00000400       0x10
                0x00000400                . = ALIGN (0x4)
 *(.FlashConfig)
 .FlashConfig   0x00000400       0x10 ./devices/gcc/startup_MK64F12.o
                0x00000410                . = ALIGN (0x4)

.text           0x00000410     0x487c
                0x00000410                . = ALIGN (0x4)
 *(.text)
 .text          0x00000410       0x54 /opt/Freescale/KDS_v3/toolchain/bin/../lib/gcc/arm-none-eabi/4.8.4/armv7e-m/fpu/crtbegin.o
 .text          0x00000464       0x74 /opt/Freescale/KDS_v3/toolchain/bin/../lib/gcc/arm-none-eabi/4.8.4/../../../../arm-none-eabi/lib/armv7e-m/fpu/crt0.o
                0x00000464                _mainCRTStartup
                0x00000464                _start
 .text          0x000004d8      0x1fc ./devices/gcc/startup_MK64F12.o
                0x000004d8                Reset_Handler
                0x00000534                DebugMon_Handler
                0x00000534                DMA0_DriverIRQHandler
                0x00000534                DMA12_DriverIRQHandler
                0x00000534                SPI1_DriverIRQHandler
                0x00000534                DMA_Error_DriverIRQHandler
                0x00000534                SDHC_DriverIRQHandler
                0x00000534                PIT0_IRQHandler
                0x00000534                CMP2_IRQHandler
                0x00000534                LLWU_IRQHandler
                0x00000534                I2S0_Tx_DriverIRQHandler
                0x00000534                DMA6_DriverIRQHandler
                0x00000534                ENET_1588_Timer_DriverIRQHandler
                0x00000534                I2C2_DriverIRQHandler
                0x00000534                SWI_IRQHandler
                0x00000534                ADC0_IRQHandler
                0x00000534                UsageFault_Handler
                0x00000534                CMT_IRQHandler
                0x00000534                DefaultISR
                0x00000534                UART5_ERR_DriverIRQHandler
                0x00000534                DMA11_DriverIRQHandler
                0x00000534                CMP1_IRQHandler
                0x00000534                Reserved71_IRQHandler
                0x00000534                PORTD_IRQHandler
                0x00000534                PORTB_IRQHandler
                0x00000534                DMA10_DriverIRQHandler
                0x00000534                UART2_ERR_DriverIRQHandler
                0x00000534                SPI2_DriverIRQHandler
                0x00000534                ADC1_IRQHandler
                0x00000534                DMA5_DriverIRQHandler
                0x00000534                DMA4_DriverIRQHandler
                0x00000534                PIT2_IRQHandler
                0x00000534                RTC_IRQHandler
                0x00000534                UART3_ERR_DriverIRQHandler
                0x00000534                PDB0_IRQHandler
                0x00000534                FTM1_IRQHandler
                0x00000534                DMA3_DriverIRQHandler
                0x00000534                PIT3_IRQHandler
                0x00000534                RTC_Seconds_IRQHandler
                0x00000534                MCG_IRQHandler
                0x00000534                FTFE_IRQHandler
                0x00000534                DMA9_DriverIRQHandler
                0x00000534                DMA8_DriverIRQHandler
                0x00000534                UART0_ERR_DriverIRQHandler
                0x00000534                Read_Collision_IRQHandler
                0x00000534                DMA14_DriverIRQHandler
                0x00000534                USBDCD_IRQHandler
                0x00000534                I2S0_Rx_DriverIRQHandler
                0x00000534                USB0_IRQHandler
                0x00000534                UART4_ERR_DriverIRQHandler
                0x00000534                WDOG_EWM_IRQHandler
                0x00000534                MemManage_Handler
                0x00000534                UART0_LON_DriverIRQHandler
                0x00000534                DMA1_DriverIRQHandler
                0x00000534                RNG_IRQHandler
                0x00000534                I2C1_DriverIRQHandler
                0x00000534                ENET_Receive_DriverIRQHandler
                0x00000534                DAC0_IRQHandler
                0x00000534                DMA13_DriverIRQHandler
                0x00000534                ENET_Error_DriverIRQHandler
                0x00000534                DMA15_DriverIRQHandler
                0x00000534                SPI0_DriverIRQHandler
                0x00000534                PIT1_IRQHandler
                0x00000534                LVD_LVW_IRQHandler
                0x00000534                FTM0_IRQHandler
                0x00000534                PORTA_IRQHandler
                0x00000534                DAC1_IRQHandler
                0x00000534                MCM_IRQHandler
                0x00000534                CAN0_DriverIRQHandler
                0x00000534                FTM3_IRQHandler
                0x00000534                PORTE_IRQHandler
                0x00000534                FTM2_IRQHandler
                0x00000534                LPTMR0_IRQHandler
                0x00000534                BusFault_Handler
                0x00000534                UART1_ERR_DriverIRQHandler
                0x00000534                DMA2_DriverIRQHandler
                0x00000534                ENET_Transmit_DriverIRQHandler
                0x00000534                I2C0_DriverIRQHandler
                0x00000534                DMA7_DriverIRQHandler
                0x00000534                CMP0_IRQHandler
                0x00000534                PORTC_IRQHandler
                0x00000538                NMI_Handler
                0x0000053c                HardFault_Handler
                0x0000054c                DMA0_IRQHandler
                0x00000550                DMA1_IRQHandler
                0x00000554                DMA2_IRQHandler
                0x00000558                DMA3_IRQHandler
                0x0000055c                DMA4_IRQHandler
                0x00000560                DMA5_IRQHandler
                0x00000564                DMA6_IRQHandler
                0x00000568                DMA7_IRQHandler
                0x0000056c                DMA8_IRQHandler
                0x00000570                DMA9_IRQHandler
                0x00000574                DMA10_IRQHandler
                0x00000578                DMA11_IRQHandler
                0x0000057c                DMA12_IRQHandler
                0x00000580                DMA13_IRQHandler
                0x00000584                DMA14_IRQHandler
                0x00000588                DMA15_IRQHandler
                0x0000058c                DMA_Error_IRQHandler
                0x00000590                I2C0_IRQHandler
                0x00000594                I2C1_IRQHandler
                0x00000598                SPI0_IRQHandler
                0x0000059c                SPI1_IRQHandler
                0x000005a0                I2S0_Tx_IRQHandler
                0x000005a4                I2S0_Rx_IRQHandler
                0x000005a8                UART0_LON_IRQHandler
                0x000005ac                UART0_RX_TX_IRQHandler
                0x000005b0                UART0_ERR_IRQHandler
                0x000005b4                UART1_RX_TX_IRQHandler
                0x000005b8                UART1_ERR_IRQHandler
                0x000005bc                UART2_RX_TX_IRQHandler
                0x000005c0                UART2_ERR_IRQHandler
                0x000005c4                UART3_RX_TX_IRQHandler
                0x000005c8                UART3_ERR_IRQHandler
                0x000005cc                SPI2_IRQHandler
                0x000005d0                UART4_RX_TX_IRQHandler
                0x000005d4                UART4_ERR_IRQHandler
                0x000005d8                UART5_RX_TX_IRQHandler
                0x000005dc                UART5_ERR_IRQHandler
                0x000005e0                I2C2_IRQHandler
                0x000005e4                CAN0_ORed_Message_buffer_IRQHandler
                0x000005e8                CAN0_Bus_Off_IRQHandler
                0x000005ec                CAN0_Error_IRQHandler
                0x000005f0                CAN0_Tx_Warning_IRQHandler
                0x000005f4                CAN0_Rx_Warning_IRQHandler
                0x000005f8                CAN0_Wake_Up_IRQHandler
                0x000005fc                SDHC_IRQHandler
                0x00000600                ENET_1588_Timer_IRQHandler
                0x00000604                ENET_Transmit_IRQHandler
                0x00000608                ENET_Receive_IRQHandler
                0x0000060c                ENET_Error_IRQHandler
 *(.text*)
 .text.UART_EnableTx
                0x000006d4       0x40 ./utilities/fsl_debug_console.o
 .text.UART_EnableRx
                0x00000714       0x40 ./utilities/fsl_debug_console.o
 .text.DbgConsole_Init
                0x00000754       0x90 ./utilities/fsl_debug_console.o
                0x00000754                DbgConsole_Init
 .text.DbgConsole_Printf
                0x000007e4       0x40 ./utilities/fsl_debug_console.o
                0x000007e4                DbgConsole_Printf
 .text.DbgConsole_Putchar
                0x00000824       0x38 ./utilities/fsl_debug_console.o
                0x00000824                DbgConsole_Putchar
 .text.DbgConsole_PrintfPaddingCharacter
                0x0000085c       0x40 ./utilities/fsl_debug_console.o
 .text.DbgConsole_ConvertRadixNumToString
                0x0000089c      0x118 ./utilities/fsl_debug_console.o
 .text.DbgConsole_PrintfFormattedData
                0x000009b4      0x36c ./utilities/fsl_debug_console.o
 .text.BOARD_InitDebugConsole
                0x00000d20       0x24 ./sources/board.o
                0x00000d20                BOARD_InitDebugConsole
 .text.CLOCK_SetSimSafeDivs
                0x00000d44       0x20 ./sources/clock_config.o
 .text.CLOCK_SetXtal0Freq
                0x00000d64       0x1c ./sources/clock_config.o
 .text.BOARD_BootClockRUN
                0x00000d80       0x64 ./sources/clock_config.o
                0x00000d80                BOARD_BootClockRUN
 .text.BOARD_InitOsc0
                0x00000de4       0x30 ./sources/clock_config.o
                0x00000de4                BOARD_InitOsc0
 .text.main     0x00000e14       0xb4 ./sources/freertos_mutex.o
                0x00000e14                main
 .text.write_task_1
                0x00000ec8       0x50 ./sources/freertos_mutex.o
 .text.write_task_2
                0x00000f18       0x50 ./sources/freertos_mutex.o
 .text.write_task_3
                0x00000f68       0x50 ./sources/freertos_mutex.o
 .text.write_task_4
                0x00000fb8       0x50 ./sources/freertos_mutex.o
 .text.write_task_5
                0x00001008       0x50 ./sources/freertos_mutex.o
 .text.CLOCK_EnableClock
                0x00001058       0x34 ./sources/pin_mux.o
 .text.PORT_SetPinMux
                0x0000108c       0x38 ./sources/pin_mux.o
 .text.BOARD_InitPins
                0x000010c4       0x44 ./sources/pin_mux.o
                0x000010c4                BOARD_InitPins
 .text.pvPortMalloc
                0x00001108      0x184 ./freertos/Source/portable/MemMang/heap_4.o
                0x00001108                pvPortMalloc
 .text.vPortFree
                0x0000128c       0xb0 ./freertos/Source/portable/MemMang/heap_4.o
                0x0000128c                vPortFree
 .text.prvHeapInit
                0x0000133c       0xc4 ./freertos/Source/portable/MemMang/heap_4.o
 .text.prvInsertBlockIntoFreeList
                0x00001400       0xb0 ./freertos/Source/portable/MemMang/heap_4.o
 .text.vPortSetupTimerInterrupt
                0x000014b0       0x40 ./freertos/Source/portable/GCC/ARM_CM4F/fsl_tickless_systick.o
                0x000014b0                vPortSetupTimerInterrupt
 .text.pxPortInitialiseStack
                0x000014f0       0x68 ./freertos/Source/portable/GCC/ARM_CM4F/port.o
                0x000014f0                pxPortInitialiseStack
 .text.prvTaskExitError
                0x00001558       0x3c ./freertos/Source/portable/GCC/ARM_CM4F/port.o
 *fill*         0x00001594        0xc 
 .text.SVC_Handler
                0x000015a0       0x30 ./freertos/Source/portable/GCC/ARM_CM4F/port.o
                0x000015a0                SVC_Handler
 .text.prvPortStartFirstTask
                0x000015d0       0x20 ./freertos/Source/portable/GCC/ARM_CM4F/port.o
 .text.xPortStartScheduler
                0x000015f0      0x118 ./freertos/Source/portable/GCC/ARM_CM4F/port.o
                0x000015f0                xPortStartScheduler
 .text.vPortEnterCritical
                0x00001708       0x5c ./freertos/Source/portable/GCC/ARM_CM4F/port.o
                0x00001708                vPortEnterCritical
 .text.vPortExitCritical
                0x00001764       0x4c ./freertos/Source/portable/GCC/ARM_CM4F/port.o
                0x00001764                vPortExitCritical
 .text.PendSV_Handler
                0x000017b0       0x70 ./freertos/Source/portable/GCC/ARM_CM4F/port.o
                0x000017b0                PendSV_Handler
 .text.SysTick_Handler
                0x00001820       0x40 ./freertos/Source/portable/GCC/ARM_CM4F/port.o
                0x00001820                SysTick_Handler
 .text.vPortEnableVFP
                0x00001860       0x14 ./freertos/Source/portable/GCC/ARM_CM4F/port.o
 .text.vPortValidateInterruptPriority
                0x00001874       0x78 ./freertos/Source/portable/GCC/ARM_CM4F/port.o
                0x00001874                vPortValidateInterruptPriority
 .text.vListInitialise
                0x000018ec       0x40 ./freertos/Source/list.o
                0x000018ec                vListInitialise
 .text.vListInitialiseItem
                0x0000192c       0x18 ./freertos/Source/list.o
                0x0000192c                vListInitialiseItem
 .text.vListInsertEnd
                0x00001944       0x48 ./freertos/Source/list.o
                0x00001944                vListInsertEnd
 .text.vListInsert
                0x0000198c       0x70 ./freertos/Source/list.o
                0x0000198c                vListInsert
 .text.uxListRemove
                0x000019fc       0x54 ./freertos/Source/list.o
                0x000019fc                uxListRemove
 .text.xQueueGenericReset
                0x00001a50       0xd0 ./freertos/Source/queue.o
                0x00001a50                xQueueGenericReset
 .text.xQueueGenericCreate
                0x00001b20       0x70 ./freertos/Source/queue.o
                0x00001b20                xQueueGenericCreate
 .text.prvInitialiseNewQueue
                0x00001b90       0x44 ./freertos/Source/queue.o
 .text.prvInitialiseMutex
                0x00001bd4       0x34 ./freertos/Source/queue.o
 .text.xQueueCreateMutex
                0x00001c08       0x30 ./freertos/Source/queue.o
                0x00001c08                xQueueCreateMutex
 .text.xQueueGenericSend
                0x00001c38      0x1fc ./freertos/Source/queue.o
                0x00001c38                xQueueGenericSend
 .text.xQueueGenericSendFromISR
                0x00001e34      0x128 ./freertos/Source/queue.o
                0x00001e34                xQueueGenericSendFromISR
 .text.xQueueGenericReceive
                0x00001f5c      0x22c ./freertos/Source/queue.o
                0x00001f5c                xQueueGenericReceive
 .text.prvCopyDataToQueue
                0x00002188       0xd8 ./freertos/Source/queue.o
 .text.prvCopyDataFromQueue
                0x00002260       0x4c ./freertos/Source/queue.o
 .text.prvUnlockQueue
                0x000022ac       0xa0 ./freertos/Source/queue.o
 .text.prvIsQueueEmpty
                0x0000234c       0x2c ./freertos/Source/queue.o
 .text.prvIsQueueFull
                0x00002378       0x30 ./freertos/Source/queue.o
 .text.vQueueAddToRegistry
                0x000023a8       0x50 ./freertos/Source/queue.o
                0x000023a8                vQueueAddToRegistry
 .text.vQueueWaitForMessageRestricted
                0x000023f8       0x6c ./freertos/Source/queue.o
                0x000023f8                vQueueWaitForMessageRestricted
 .text.xTaskCreate
                0x00002464       0x84 ./freertos/Source/tasks.o
                0x00002464                xTaskCreate
 .text.prvInitialiseNewTask
                0x000024e8      0x128 ./freertos/Source/tasks.o
 .text.prvAddNewTaskToReadyList
                0x00002610       0xdc ./freertos/Source/tasks.o
 .text.vTaskStartScheduler
                0x000026ec       0x94 ./freertos/Source/tasks.o
                0x000026ec                vTaskStartScheduler
 .text.vTaskSuspendAll
                0x00002780       0x1c ./freertos/Source/tasks.o
                0x00002780                vTaskSuspendAll
 .text.xTaskResumeAll
                0x0000279c      0x138 ./freertos/Source/tasks.o
                0x0000279c                xTaskResumeAll
 .text.xTaskGetTickCount
                0x000028d4       0x20 ./freertos/Source/tasks.o
                0x000028d4                xTaskGetTickCount
 .text.xTaskIncrementTick
                0x000028f4      0x15c ./freertos/Source/tasks.o
                0x000028f4                xTaskIncrementTick
 .text.vTaskSwitchContext
                0x00002a50       0xb4 ./freertos/Source/tasks.o
                0x00002a50                vTaskSwitchContext
 .text.vTaskPlaceOnEventList
                0x00002b04       0x44 ./freertos/Source/tasks.o
                0x00002b04                vTaskPlaceOnEventList
 .text.vTaskPlaceOnEventListRestricted
                0x00002b48       0x54 ./freertos/Source/tasks.o
                0x00002b48                vTaskPlaceOnEventListRestricted
 .text.xTaskRemoveFromEventList
                0x00002b9c       0xc4 ./freertos/Source/tasks.o
                0x00002b9c                xTaskRemoveFromEventList
 .text.vTaskSetTimeOutState
                0x00002c60       0x44 ./freertos/Source/tasks.o
                0x00002c60                vTaskSetTimeOutState
 .text.xTaskCheckForTimeOut
                0x00002ca4       0xbc ./freertos/Source/tasks.o
                0x00002ca4                xTaskCheckForTimeOut
 .text.vTaskMissedYield
                0x00002d60       0x18 ./freertos/Source/tasks.o
                0x00002d60                vTaskMissedYield
 .text.prvIdleTask
                0x00002d78       0x30 ./freertos/Source/tasks.o
 .text.prvInitialiseTaskLists
                0x00002da8       0x7c ./freertos/Source/tasks.o
 .text.prvCheckTasksWaitingTermination
                0x00002e24       0x74 ./freertos/Source/tasks.o
 .text.prvDeleteTCB
                0x00002e98       0x20 ./freertos/Source/tasks.o
 .text.prvResetNextTaskUnblockTime
                0x00002eb8       0x48 ./freertos/Source/tasks.o
 .text.xTaskGetSchedulerState
                0x00002f00       0x3c ./freertos/Source/tasks.o
                0x00002f00                xTaskGetSchedulerState
 .text.vTaskPriorityInherit
                0x00002f3c       0xec ./freertos/Source/tasks.o
                0x00002f3c                vTaskPriorityInherit
 .text.xTaskPriorityDisinherit
                0x00003028      0x108 ./freertos/Source/tasks.o
                0x00003028                xTaskPriorityDisinherit
 .text.pvTaskIncrementMutexHeldCount
                0x00003130       0x28 ./freertos/Source/tasks.o
                0x00003130                pvTaskIncrementMutexHeldCount
 .text.prvAddCurrentTaskToDelayedList
                0x00003158       0xc8 ./freertos/Source/tasks.o
 .text.xTimerCreateTimerTask
                0x00003220       0x60 ./freertos/Source/timers.o
                0x00003220                xTimerCreateTimerTask
 .text.xTimerGenericCommand
                0x00003280       0xa4 ./freertos/Source/timers.o
                0x00003280                xTimerGenericCommand
 .text.prvProcessExpiredTimer
                0x00003324       0x80 ./freertos/Source/timers.o
 .text.prvTimerTask
                0x000033a4       0x24 ./freertos/Source/timers.o
 .text.prvProcessTimerOrBlockTask
                0x000033c8       0x9c ./freertos/Source/timers.o
 .text.prvGetNextExpireTime
                0x00003464       0x48 ./freertos/Source/timers.o
 .text.prvSampleTimeNow
                0x000034ac       0x40 ./freertos/Source/timers.o
 .text.prvInsertTimerInActiveList
                0x000034ec       0x84 ./freertos/Source/timers.o
 .text.prvProcessReceivedCommands
                0x00003570      0x12c ./freertos/Source/timers.o
 .text.prvSwitchTimerLists
                0x0000369c       0xc0 ./freertos/Source/timers.o
 .text.prvCheckForValidListAndQueue
                0x0000375c       0x6c ./freertos/Source/timers.o
 .text.CLOCK_SetEr32kClock
                0x000037c8       0x2c ./drivers/fsl_clock.o
 .text.CLOCK_SetPllFllSelClock
                0x000037f4       0x38 ./drivers/fsl_clock.o
 .text.OSC_SetExtRefClkConfig
                0x0000382c       0x34 ./drivers/fsl_clock.o
 .text.OSC_SetCapLoad
                0x00003860       0x34 ./drivers/fsl_clock.o
 .text.CLOCK_GetMcgExtClkFreq
                0x00003894       0x8c ./drivers/fsl_clock.o
 .text.CLOCK_GetFllExtRefClkFreq
                0x00003920       0xc8 ./drivers/fsl_clock.o
 .text.CLOCK_GetInternalRefClkSelectFreq
                0x000039e8       0x44 ./drivers/fsl_clock.o
 .text.CLOCK_GetFllRefClkFreq
                0x00003a2c       0x2c ./drivers/fsl_clock.o
 .text.CLOCK_GetPll0RefFreq
                0x00003a58       0x10 ./drivers/fsl_clock.o
 .text.CLOCK_GetOscRangeFromFreq
                0x00003a68       0x3c ./drivers/fsl_clock.o
 .text.CLOCK_GetCoreSysClkFreq
                0x00003aa4       0x24 ./drivers/fsl_clock.o
                0x00003aa4                CLOCK_GetCoreSysClkFreq
 .text.CLOCK_SetSimConfig
                0x00003ac8       0x34 ./drivers/fsl_clock.o
                0x00003ac8                CLOCK_SetSimConfig
 .text.CLOCK_GetOutClkFreq
                0x00003afc       0x64 ./drivers/fsl_clock.o
                0x00003afc                CLOCK_GetOutClkFreq
 .text.CLOCK_GetFllFreq
                0x00003b60       0x74 ./drivers/fsl_clock.o
                0x00003b60                CLOCK_GetFllFreq
 .text.CLOCK_GetPll0Freq
                0x00003bd4       0x78 ./drivers/fsl_clock.o
                0x00003bd4                CLOCK_GetPll0Freq
 .text.CLOCK_SetExternalRefClkConfig
                0x00003c4c       0x90 ./drivers/fsl_clock.o
                0x00003c4c                CLOCK_SetExternalRefClkConfig
 .text.CLOCK_SetInternalRefClkConfig
                0x00003cdc      0x104 ./drivers/fsl_clock.o
                0x00003cdc                CLOCK_SetInternalRefClkConfig
 .text.CLOCK_EnablePll0
                0x00003de0       0x94 ./drivers/fsl_clock.o
                0x00003de0                CLOCK_EnablePll0
 .text.CLOCK_InitOsc0
                0x00003e74       0x8c ./drivers/fsl_clock.o
                0x00003e74                CLOCK_InitOsc0
 .text.CLOCK_SetPbeMode
                0x00003f00       0xb8 ./drivers/fsl_clock.o
                0x00003f00                CLOCK_SetPbeMode
 .text.CLOCK_BootToPeeMode
                0x00003fb8       0x74 ./drivers/fsl_clock.o
                0x00003fb8                CLOCK_BootToPeeMode
 .text.__assert_func
                0x0000402c       0x28 ./drivers/fsl_common.o
                0x0000402c                __assert_func
 .text.CLOCK_EnableClock
                0x00004054       0x34 ./drivers/fsl_uart.o
 .text.UART_GetInstance
                0x00004088       0x60 ./drivers/fsl_uart.o
                0x00004088                UART_GetInstance
 .text.UART_Init
                0x000040e8      0x2d8 ./drivers/fsl_uart.o
                0x000040e8                UART_Init
 .text.UART_GetDefaultConfig
                0x000043c0       0x5c ./drivers/fsl_uart.o
                0x000043c0                UART_GetDefaultConfig
 .text.UART_GetStatusFlags
                0x0000441c       0x48 ./drivers/fsl_uart.o
                0x0000441c                UART_GetStatusFlags
 .text.UART_WriteBlocking
                0x00004464       0x40 ./drivers/fsl_uart.o
                0x00004464                UART_WriteBlocking
 .text.UART_ReadBlocking
                0x000044a4       0xa4 ./drivers/fsl_uart.o
                0x000044a4                UART_ReadBlocking
 .text.UART0_DriverIRQHandler
                0x00004548       0x20 ./drivers/fsl_uart.o
                0x00004548                UART0_DriverIRQHandler
 .text.UART0_RX_TX_DriverIRQHandler
                0x00004568        0xc ./drivers/fsl_uart.o
                0x00004568                UART0_RX_TX_DriverIRQHandler
 .text.UART1_DriverIRQHandler
                0x00004574       0x20 ./drivers/fsl_uart.o
                0x00004574                UART1_DriverIRQHandler
 .text.UART1_RX_TX_DriverIRQHandler
                0x00004594        0xc ./drivers/fsl_uart.o
                0x00004594                UART1_RX_TX_DriverIRQHandler
 .text.UART2_DriverIRQHandler
                0x000045a0       0x20 ./drivers/fsl_uart.o
                0x000045a0                UART2_DriverIRQHandler
 .text.UART2_RX_TX_DriverIRQHandler
                0x000045c0        0xc ./drivers/fsl_uart.o
                0x000045c0                UART2_RX_TX_DriverIRQHandler
 .text.UART3_DriverIRQHandler
                0x000045cc       0x20 ./drivers/fsl_uart.o
                0x000045cc                UART3_DriverIRQHandler
 .text.UART3_RX_TX_DriverIRQHandler
                0x000045ec        0xc ./drivers/fsl_uart.o
                0x000045ec                UART3_RX_TX_DriverIRQHandler
 .text.UART4_DriverIRQHandler
                0x000045f8       0x20 ./drivers/fsl_uart.o
                0x000045f8                UART4_DriverIRQHandler
 .text.UART4_RX_TX_DriverIRQHandler
                0x00004618        0xc ./drivers/fsl_uart.o
                0x00004618                UART4_RX_TX_DriverIRQHandler
 .text.UART5_DriverIRQHandler
                0x00004624       0x20 ./drivers/fsl_uart.o
                0x00004624                UART5_DriverIRQHandler
 .text.UART5_RX_TX_DriverIRQHandler
                0x00004644        0xc ./drivers/fsl_uart.o
                0x00004644                UART5_RX_TX_DriverIRQHandler
 .text.SystemInit
                0x00004650       0x3c ./devices/system_MK64F12.o
                0x00004650                SystemInit
 .text.exit     0x0000468c       0x28 /opt/Freescale/KDS_v3/toolchain/bin/../lib/gcc/arm-none-eabi/4.8.4/../../../../arm-none-eabi/lib/armv7e-m/fpu/libg_s.a(lib_a-exit.o)
                0x0000468c                exit
 .text.__libc_init_array
                0x000046b4       0x4c /opt/Freescale/KDS_v3/toolchain/bin/../lib/gcc/arm-none-eabi/4.8.4/../../../../arm-none-eabi/lib/armv7e-m/fpu/libg_s.a(lib_a-init.o)
                0x000046b4                __libc_init_array
 .text.memcpy   0x00004700       0x12 /opt/Freescale/KDS_v3/toolchain/bin/../lib/gcc/arm-none-eabi/4.8.4/../../../../arm-none-eabi/lib/armv7e-m/fpu/libg_s.a(lib_a-memcpy-stub.o)
                0x00004700                memcpy
 .text.memset   0x00004712       0x10 /opt/Freescale/KDS_v3/toolchain/bin/../lib/gcc/arm-none-eabi/4.8.4/../../../../arm-none-eabi/lib/armv7e-m/fpu/libg_s.a(lib_a-memset.o)
                0x00004712                memset
 .text.strlen   0x00004722       0x10 /opt/Freescale/KDS_v3/toolchain/bin/../lib/gcc/arm-none-eabi/4.8.4/../../../../arm-none-eabi/lib/armv7e-m/fpu/libg_s.a(lib_a-strlen.o)
                0x00004722                strlen
 *fill*         0x00004732        0x2 
 .text._exit    0x00004734        0x4 /opt/Freescale/KDS_v3/toolchain/bin/../lib/gcc/arm-none-eabi/4.8.4/../../../../arm-none-eabi/lib/armv7e-m/fpu/libnosys.a(_exit.o)
                0x00004734                _exit
 *(.rodata)
 .rodata        0x00004738       0x1c ./sources/clock_config.o
 .rodata        0x00004754      0x258 ./sources/freertos_mutex.o
 .rodata        0x000049ac        0x8 ./freertos/Source/tasks.o
 .rodata        0x000049b4       0x10 ./freertos/Source/timers.o
 .rodata        0x000049c4       0x48 ./drivers/fsl_clock.o
 .rodata        0x00004a0c       0x40 ./drivers/fsl_common.o
 .rodata        0x00004a4c      0x12c ./drivers/fsl_uart.o
 *(.rodata*)
 .rodata.__func__.6318
                0x00004b78       0x18 ./drivers/fsl_clock.o
 .rodata.fllFactorTable.6446
                0x00004b90       0x10 ./drivers/fsl_clock.o
 .rodata.__func__.6461
                0x00004ba0       0x14 ./drivers/fsl_clock.o
 .rodata.__func__.6509
                0x00004bb4       0x14 ./drivers/fsl_clock.o
 .rodata.__func__.6645
                0x00004bc8       0x14 ./drivers/fsl_clock.o
 .rodata.__func__.6709
                0x00004bdc       0x14 ./drivers/fsl_clock.o
 .rodata.s_uartBases
                0x00004bf0       0x18 ./drivers/fsl_uart.o
 .rodata.s_uartClock
                0x00004c08       0x18 ./drivers/fsl_uart.o
 .rodata.__func__.6517
                0x00004c20       0x14 ./drivers/fsl_uart.o
 .rodata.__func__.6533
                0x00004c34        0xc ./drivers/fsl_uart.o
 .rodata.__func__.6551
                0x00004c40       0x18 ./drivers/fsl_uart.o
 .rodata.__func__.6611
                0x00004c58       0x14 ./drivers/fsl_uart.o
 .rodata.str1.1
                0x00004c6c        0x2 /opt/Freescale/KDS_v3/toolchain/bin/../lib/gcc/arm-none-eabi/4.8.4/../../../../arm-none-eabi/lib/armv7e-m/fpu/libg_s.a(lib_a-impure.o)
 *fill*         0x00004c6e        0x2 
 .rodata._global_impure_ptr
                0x00004c70        0x4 /opt/Freescale/KDS_v3/toolchain/bin/../lib/gcc/arm-none-eabi/4.8.4/../../../../arm-none-eabi/lib/armv7e-m/fpu/libg_s.a(lib_a-impure.o)
                0x00004c70                _global_impure_ptr
 *(.glue_7)
 .glue_7        0x00000000        0x0 linker stubs
 *(.glue_7t)
 .glue_7t       0x00000000        0x0 linker stubs
 *(.eh_frame)
 .eh_frame      0x00004c74        0x0 /opt/Freescale/KDS_v3/toolchain/bin/../lib/gcc/arm-none-eabi/4.8.4/armv7e-m/fpu/crtbegin.o
 *(.init)
 .init          0x00004c74        0x4 /opt/Freescale/KDS_v3/toolchain/bin/../lib/gcc/arm-none-eabi/4.8.4/armv7e-m/fpu/crti.o
                0x00004c74                _init
 .init          0x00004c78        0x8 /opt/Freescale/KDS_v3/toolchain/bin/../lib/gcc/arm-none-eabi/4.8.4/armv7e-m/fpu/crtn.o
 *(.fini)
 .fini          0x00004c80        0x4 /opt/Freescale/KDS_v3/toolchain/bin/../lib/gcc/arm-none-eabi/4.8.4/armv7e-m/fpu/crti.o
                0x00004c80                _fini
 .fini          0x00004c84        0x8 /opt/Freescale/KDS_v3/toolchain/bin/../lib/gcc/arm-none-eabi/4.8.4/armv7e-m/fpu/crtn.o
                0x00004c8c                . = ALIGN (0x4)

.vfp11_veneer   0x00004c8c        0x0
 .vfp11_veneer  0x00000000        0x0 linker stubs

.v4_bx          0x00004c8c        0x0
 .v4_bx         0x00000000        0x0 linker stubs

.iplt           0x00004c8c        0x0
 .iplt          0x00000000        0x0 /opt/Freescale/KDS_v3/toolchain/bin/../lib/gcc/arm-none-eabi/4.8.4/armv7e-m/fpu/crtbegin.o

.ARM.extab
 *(.ARM.extab* .gnu.linkonce.armextab.*)

.ARM            0x00004c8c        0x8
                0x00004c8c                __exidx_start = .
 *(.ARM.exidx*)
 .ARM.exidx     0x00004c8c        0x8 /opt/Freescale/KDS_v3/toolchain/bin/../lib/gcc/arm-none-eabi/4.8.4/../../../../arm-none-eabi/lib/armv7e-m/fpu/crt0.o
                0x00004c94                __exidx_end = .

.rel.dyn        0x00004c94        0x0
 .rel.iplt      0x00000000        0x0 /opt/Freescale/KDS_v3/toolchain/bin/../lib/gcc/arm-none-eabi/4.8.4/armv7e-m/fpu/crtbegin.o

.ctors          0x00004c94        0x0
                0x00004c94                __CTOR_LIST__ = .
 *crtbegin.o(.ctors)
 *crtbegin?.o(.ctors)
 *(EXCLUDE_FILE(*crtend.o *crtend?.o) .ctors)
 *(SORT(.ctors.*))
 *(.ctors)
                0x00004c94                __CTOR_END__ = .

.dtors          0x00004c94        0x0
                0x00004c94                __DTOR_LIST__ = .
 *crtbegin.o(.dtors)
 *crtbegin?.o(.dtors)
 *(EXCLUDE_FILE(*crtend.o *crtend?.o) .dtors)
 *(SORT(.dtors.*))
 *(.dtors)
                0x00004c94                __DTOR_END__ = .

.preinit_array  0x00004c94        0x0
                0x00004c94                PROVIDE (__preinit_array_start, .)
 *(.preinit_array*)
                0x00004c94                PROVIDE (__preinit_array_end, .)

.init_array     0x00004c94        0x4
                0x00004c94                PROVIDE (__init_array_start, .)
 *(SORT(.init_array.*))
 *(.init_array*)
 .init_array    0x00004c94        0x4 /opt/Freescale/KDS_v3/toolchain/bin/../lib/gcc/arm-none-eabi/4.8.4/armv7e-m/fpu/crtbegin.o
                0x00004c98                PROVIDE (__init_array_end, .)

.fini_array     0x00004c98        0x4
                0x00004c98                PROVIDE (__fini_array_start, .)
 *(SORT(.fini_array.*))
 *(.fini_array*)
 .fini_array    0x00004c98        0x4 /opt/Freescale/KDS_v3/toolchain/bin/../lib/gcc/arm-none-eabi/4.8.4/armv7e-m/fpu/crtbegin.o
                0x00004c9c                PROVIDE (__fini_array_end, .)
                0x00004c9c                __etext = .
                0x00004c9c                __DATA_ROM = .

.interrupts_ram
                0x1fff0000        0x0
                0x1fff0000                . = ALIGN (0x4)
                0x1fff0000                __VECTOR_RAM__ = .
                0x1fff0000                __interrupts_ram_start__ = .
 *(.m_interrupts_ram)
                0x1fff0000                . = (. + M_VECTOR_RAM_SIZE)
                0x1fff0000                . = ALIGN (0x4)
                0x1fff0000                __interrupts_ram_end__ = .
                0x00000000                __VECTOR_RAM = DEFINED (__ram_vector_table__)?__VECTOR_RAM__:ORIGIN (m_interrupts)
                0x00000000                __RAM_VECTOR_TABLE_SIZE_BYTES = DEFINED (__ram_vector_table__)?(__interrupts_ram_end__ - __interrupts_ram_start__):0x0

.data           0x1fff0000       0x74 load address 0x00004c9c
                0x1fff0000                . = ALIGN (0x4)
                0x1fff0000                __DATA_RAM = .
                0x1fff0000                __data_start__ = .
 *(.data)
 *(.data*)
 .data.uxCriticalNesting
                0x1fff0000        0x4 ./freertos/Source/portable/GCC/ARM_CM4F/port.o
 .data.s_slowIrcFreq
                0x1fff0004        0x4 ./drivers/fsl_clock.o
 .data.s_fastIrcFreq
                0x1fff0008        0x4 ./drivers/fsl_clock.o
 .data.SystemCoreClock
                0x1fff000c        0x4 ./devices/system_MK64F12.o
                0x1fff000c                SystemCoreClock
 .data.impure_data
                0x1fff0010       0x60 /opt/Freescale/KDS_v3/toolchain/bin/../lib/gcc/arm-none-eabi/4.8.4/../../../../arm-none-eabi/lib/armv7e-m/fpu/libg_s.a(lib_a-impure.o)
 *(.jcr*)
 .jcr           0x1fff0070        0x0 /opt/Freescale/KDS_v3/toolchain/bin/../lib/gcc/arm-none-eabi/4.8.4/armv7e-m/fpu/crtbegin.o
 .jcr           0x1fff0070        0x4 /opt/Freescale/KDS_v3/toolchain/bin/../lib/gcc/arm-none-eabi/4.8.4/armv7e-m/fpu/crtend.o
                0x1fff0074                . = ALIGN (0x4)
                0x1fff0074                __data_end__ = .
                0x00004d10                __DATA_END = (__DATA_ROM + (__data_end__ - __data_start__))
                0x00100000                text_end = (ORIGIN (m_text) + 0xffbf0)
                0x00000001                ASSERT ((__DATA_END <= text_end), region m_text overflowed with text and data)
                0x00000000                USB_RAM_GAP = DEFINED (__usb_ram_size__)?__usb_ram_size__:0x0

.igot.plt       0x1fff0074        0x0 load address 0x00004d10
 .igot.plt      0x00000000        0x0 /opt/Freescale/KDS_v3/toolchain/bin/../lib/gcc/arm-none-eabi/4.8.4/armv7e-m/fpu/crtbegin.o

.bss            0x1fff0074     0x2b8c load address 0x00004d10
                0x1fff0074                . = ALIGN (0x4)
                0x1fff0074                __START_BSS = .
                0x1fff0074                __bss_start__ = .
 *(.bss)
 .bss           0x1fff0074       0x1c /opt/Freescale/KDS_v3/toolchain/bin/../lib/gcc/arm-none-eabi/4.8.4/armv7e-m/fpu/crtbegin.o
 *(.bss*)
 .bss.s_debugConsole
                0x1fff0090       0x10 ./utilities/fsl_debug_console.o
 .bss.xMutex    0x1fff00a0        0x4 ./sources/freertos_mutex.o
                0x1fff00a0                xMutex
 .bss.ucHeap    0x1fff00a4     0x2800 ./freertos/Source/portable/MemMang/heap_4.o
 .bss.xStart    0x1fff28a4        0x8 ./freertos/Source/portable/MemMang/heap_4.o
 .bss.pxEnd     0x1fff28ac        0x4 ./freertos/Source/portable/MemMang/heap_4.o
 .bss.xFreeBytesRemaining
                0x1fff28b0        0x4 ./freertos/Source/portable/MemMang/heap_4.o
 .bss.xMinimumEverFreeBytesRemaining
                0x1fff28b4        0x4 ./freertos/Source/portable/MemMang/heap_4.o
 .bss.xBlockAllocatedBit
                0x1fff28b8        0x4 ./freertos/Source/portable/MemMang/heap_4.o
 .bss.ucMaxSysCallPriority
                0x1fff28bc        0x1 ./freertos/Source/portable/GCC/ARM_CM4F/port.o
 *fill*         0x1fff28bd        0x3 
 .bss.ulMaxPRIGROUPValue
                0x1fff28c0        0x4 ./freertos/Source/portable/GCC/ARM_CM4F/port.o
 .bss.xQueueRegistry
                0x1fff28c4       0x40 ./freertos/Source/queue.o
                0x1fff28c4                xQueueRegistry
 .bss.pxCurrentTCB
                0x1fff2904        0x4 ./freertos/Source/tasks.o
                0x1fff2904                pxCurrentTCB
 .bss.pxReadyTasksLists
                0x1fff2908       0x64 ./freertos/Source/tasks.o
 .bss.xDelayedTaskList1
                0x1fff296c       0x14 ./freertos/Source/tasks.o
 .bss.xDelayedTaskList2
                0x1fff2980       0x14 ./freertos/Source/tasks.o
 .bss.pxDelayedTaskList
                0x1fff2994        0x4 ./freertos/Source/tasks.o
 .bss.pxOverflowDelayedTaskList
                0x1fff2998        0x4 ./freertos/Source/tasks.o
 .bss.xPendingReadyList
                0x1fff299c       0x14 ./freertos/Source/tasks.o
 .bss.xTasksWaitingTermination
                0x1fff29b0       0x14 ./freertos/Source/tasks.o
 .bss.uxDeletedTasksWaitingCleanUp
                0x1fff29c4        0x4 ./freertos/Source/tasks.o
 .bss.xSuspendedTaskList
                0x1fff29c8       0x14 ./freertos/Source/tasks.o
 .bss.uxCurrentNumberOfTasks
                0x1fff29dc        0x4 ./freertos/Source/tasks.o
 .bss.xTickCount
                0x1fff29e0        0x4 ./freertos/Source/tasks.o
 .bss.uxTopReadyPriority
                0x1fff29e4        0x4 ./freertos/Source/tasks.o
 .bss.xSchedulerRunning
                0x1fff29e8        0x4 ./freertos/Source/tasks.o
 .bss.uxPendedTicks
                0x1fff29ec        0x4 ./freertos/Source/tasks.o
 .bss.xYieldPending
                0x1fff29f0        0x4 ./freertos/Source/tasks.o
 .bss.xNumOfOverflows
                0x1fff29f4        0x4 ./freertos/Source/tasks.o
 .bss.uxTaskNumber
                0x1fff29f8        0x4 ./freertos/Source/tasks.o
 .bss.xNextTaskUnblockTime
                0x1fff29fc        0x4 ./freertos/Source/tasks.o
 .bss.xIdleTaskHandle
                0x1fff2a00        0x4 ./freertos/Source/tasks.o
 .bss.uxSchedulerSuspended
                0x1fff2a04        0x4 ./freertos/Source/tasks.o
 .bss.xActiveTimerList1
                0x1fff2a08       0x14 ./freertos/Source/timers.o
 .bss.xActiveTimerList2
                0x1fff2a1c       0x14 ./freertos/Source/timers.o
 .bss.pxCurrentTimerList
                0x1fff2a30        0x4 ./freertos/Source/timers.o
 .bss.pxOverflowTimerList
                0x1fff2a34        0x4 ./freertos/Source/timers.o
 .bss.xTimerQueue
                0x1fff2a38        0x4 ./freertos/Source/timers.o
 .bss.xTimerTaskHandle
                0x1fff2a3c        0x4 ./freertos/Source/timers.o
 .bss.xLastTime.4860
                0x1fff2a40        0x4 ./freertos/Source/timers.o
 .bss.g_xtal0Freq
                0x1fff2a44        0x4 ./drivers/fsl_clock.o
                0x1fff2a44                g_xtal0Freq
 .bss.g_xtal32Freq
                0x1fff2a48        0x4 ./drivers/fsl_clock.o
                0x1fff2a48                g_xtal32Freq
 .bss.s_uartHandle
                0x1fff2a4c       0x18 ./drivers/fsl_uart.o
 .bss.s_uartIsr
                0x1fff2a64        0x4 ./drivers/fsl_uart.o
                0x1fff2c00                . = ALIGN (0x200)
 *fill*         0x1fff2a68      0x198 
                0x1fff2c00                USB_RAM_START = .
                0x1fff2c00                . = (. + USB_RAM_GAP)
 *(COMMON)
                0x1fff2c00                . = ALIGN (0x4)
                0x1fff2c00                __bss_end__ = .
                0x1fff2c00                __END_BSS = .

.heap           0x20000000      0x400
                0x20000000                . = ALIGN (0x8)
                0x20000000                __end__ = .
                0x20000000                PROVIDE (end, .)
                0x20000000                __HeapBase = .
                0x20000400                . = (. + HEAP_SIZE)
 *fill*         0x20000000      0x400 
                0x20000400                __HeapLimit = .
                0x20000400                __heap_limit = .

.stack          0x20000400      0x400
                0x20000400                . = ALIGN (0x8)
                0x20000800                . = (. + STACK_SIZE)
 *fill*         0x20000400      0x400 

m_usb_bdt       0x1fff2c00        0x0
 *(m_usb_bdt)
                0x1fff2c00                USB_RAM_BDT_END = .

m_usb_global
 *(m_usb_global)
                0x20030000                __StackTop = (ORIGIN (m_data_2) + 0x30000)
                0x2002fc00                __StackLimit = (__StackTop - STACK_SIZE)
                0x20030000                PROVIDE (__stack, __StackTop)

.ARM.attributes
                0x00000000       0x30
 *(.ARM.attributes)
 .ARM.attributes
                0x00000000       0x22 /opt/Freescale/KDS_v3/toolchain/bin/../lib/gcc/arm-none-eabi/4.8.4/armv7e-m/fpu/crti.o
 .ARM.attributes
                0x00000022       0x34 /opt/Freescale/KDS_v3/toolchain/bin/../lib/gcc/arm-none-eabi/4.8.4/armv7e-m/fpu/crtbegin.o
 .ARM.attributes
                0x00000056       0x20 /opt/Freescale/KDS_v3/toolchain/bin/../lib/gcc/arm-none-eabi/4.8.4/../../../../arm-none-eabi/lib/armv7e-m/fpu/crt0.o
 .ARM.attributes
                0x00000076       0x39 ./utilities/fsl_debug_console.o
 .ARM.attributes
                0x000000af       0x39 ./sources/board.o
 .ARM.attributes
                0x000000e8       0x39 ./sources/clock_config.o
 .ARM.attributes
                0x00000121       0x39 ./sources/freertos_mutex.o
 .ARM.attributes
                0x0000015a       0x39 ./sources/pin_mux.o
 .ARM.attributes
                0x00000193       0x39 ./freertos/Source/portable/MemMang/heap_4.o
 .ARM.attributes
                0x000001cc       0x39 ./freertos/Source/portable/GCC/ARM_CM4F/fsl_tickless_systick.o
 .ARM.attributes
                0x00000205       0x39 ./freertos/Source/portable/GCC/ARM_CM4F/port.o
 .ARM.attributes
                0x0000023e       0x39 ./freertos/Source/list.o
 .ARM.attributes
                0x00000277       0x39 ./freertos/Source/queue.o
 .ARM.attributes
                0x000002b0       0x39 ./freertos/Source/tasks.o
 .ARM.attributes
                0x000002e9       0x39 ./freertos/Source/timers.o
 .ARM.attributes
                0x00000322       0x39 ./drivers/fsl_clock.o
 .ARM.attributes
                0x0000035b       0x39 ./drivers/fsl_common.o
 .ARM.attributes
                0x00000394       0x39 ./drivers/fsl_uart.o
 .ARM.attributes
                0x000003cd       0x1f ./devices/gcc/startup_MK64F12.o
 .ARM.attributes
                0x000003ec       0x39 ./devices/system_MK64F12.o
 .ARM.attributes
                0x00000425       0x34 /opt/Freescale/KDS_v3/toolchain/bin/../lib/gcc/arm-none-eabi/4.8.4/../../../../arm-none-eabi/lib/armv7e-m/fpu/libg_s.a(lib_a-exit.o)
 .ARM.attributes
                0x00000459       0x34 /opt/Freescale/KDS_v3/toolchain/bin/../lib/gcc/arm-none-eabi/4.8.4/../../../../arm-none-eabi/lib/armv7e-m/fpu/libg_s.a(lib_a-impure.o)
 .ARM.attributes
                0x0000048d       0x34 /opt/Freescale/KDS_v3/toolchain/bin/../lib/gcc/arm-none-eabi/4.8.4/../../../../arm-none-eabi/lib/armv7e-m/fpu/libg_s.a(lib_a-init.o)
 .ARM.attributes
                0x000004c1       0x34 /opt/Freescale/KDS_v3/toolchain/bin/../lib/gcc/arm-none-eabi/4.8.4/../../../../arm-none-eabi/lib/armv7e-m/fpu/libg_s.a(lib_a-memcpy-stub.o)
 .ARM.attributes
                0x000004f5       0x34 /opt/Freescale/KDS_v3/toolchain/bin/../lib/gcc/arm-none-eabi/4.8.4/../../../../arm-none-eabi/lib/armv7e-m/fpu/libg_s.a(lib_a-memset.o)
 .ARM.attributes
                0x00000529       0x34 /opt/Freescale/KDS_v3/toolchain/bin/../lib/gcc/arm-none-eabi/4.8.4/../../../../arm-none-eabi/lib/armv7e-m/fpu/libg_s.a(lib_a-strlen.o)
 .ARM.attributes
                0x0000055d       0x34 /opt/Freescale/KDS_v3/toolchain/bin/../lib/gcc/arm-none-eabi/4.8.4/../../../../arm-none-eabi/lib/armv7e-m/fpu/libnosys.a(_exit.o)
 .ARM.attributes
                0x00000591       0x34 /opt/Freescale/KDS_v3/toolchain/bin/../lib/gcc/arm-none-eabi/4.8.4/armv7e-m/fpu/crtend.o
 .ARM.attributes
                0x000005c5       0x22 /opt/Freescale/KDS_v3/toolchain/bin/../lib/gcc/arm-none-eabi/4.8.4/armv7e-m/fpu/crtn.o
                0x00000001                ASSERT ((__StackLimit >= __HeapLimit), region m_data_2 overflowed with stack and heap)
OUTPUT(mutex.elf elf32-littlearm)

.debug_info     0x00000000     0xad18
 .debug_info    0x00000000      0xd01 ./utilities/fsl_debug_console.o
 .debug_info    0x00000d01      0x2c6 ./sources/board.o
 .debug_info    0x00000fc7      0x61d ./sources/clock_config.o
 .debug_info    0x000015e4      0x2ed ./sources/freertos_mutex.o
 .debug_info    0x000018d1      0x645 ./sources/pin_mux.o
 .debug_info    0x00001f16      0x3b5 ./freertos/Source/portable/MemMang/heap_4.o
 .debug_info    0x000022cb       0xad ./freertos/Source/portable/GCC/ARM_CM4F/fsl_tickless_systick.o
 .debug_info    0x00002378      0x4bf ./freertos/Source/portable/GCC/ARM_CM4F/port.o
 .debug_info    0x00002837      0x292 ./freertos/Source/list.o
 .debug_info    0x00002ac9     0x13de ./freertos/Source/queue.o
 .debug_info    0x00003ea7     0x1e50 ./freertos/Source/tasks.o
 .debug_info    0x00005cf7      0xb49 ./freertos/Source/timers.o
 .debug_info    0x00006840     0x1e93 ./drivers/fsl_clock.o
 .debug_info    0x000086d3      0x5e6 ./drivers/fsl_common.o
 .debug_info    0x00008cb9     0x1a09 ./drivers/fsl_uart.o
 .debug_info    0x0000a6c2       0x80 ./devices/gcc/startup_MK64F12.o
 .debug_info    0x0000a742      0x5d6 ./devices/system_MK64F12.o

.debug_abbrev   0x00000000     0x1afe
 .debug_abbrev  0x00000000      0x289 ./utilities/fsl_debug_console.o
 .debug_abbrev  0x00000289       0xfd ./sources/board.o
 .debug_abbrev  0x00000386      0x186 ./sources/clock_config.o
 .debug_abbrev  0x0000050c       0xd1 ./sources/freertos_mutex.o
 .debug_abbrev  0x000005dd      0x163 ./sources/pin_mux.o
 .debug_abbrev  0x00000740      0x1b9 ./freertos/Source/portable/MemMang/heap_4.o
 .debug_abbrev  0x000008f9       0x60 ./freertos/Source/portable/GCC/ARM_CM4F/fsl_tickless_systick.o
 .debug_abbrev  0x00000959      0x209 ./freertos/Source/portable/GCC/ARM_CM4F/port.o
 .debug_abbrev  0x00000b62       0xbe ./freertos/Source/list.o
 .debug_abbrev  0x00000c20      0x224 ./freertos/Source/queue.o
 .debug_abbrev  0x00000e44      0x2b8 ./freertos/Source/tasks.o
 .debug_abbrev  0x000010fc      0x1d6 ./freertos/Source/timers.o
 .debug_abbrev  0x000012d2      0x2c6 ./drivers/fsl_clock.o
 .debug_abbrev  0x00001598      0x165 ./drivers/fsl_common.o
 .debug_abbrev  0x000016fd      0x2d6 ./drivers/fsl_uart.o
 .debug_abbrev  0x000019d3       0x14 ./devices/gcc/startup_MK64F12.o
 .debug_abbrev  0x000019e7      0x117 ./devices/system_MK64F12.o

.debug_aranges  0x00000000      0xa20
 .debug_aranges
                0x00000000       0x90 ./utilities/fsl_debug_console.o
 .debug_aranges
                0x00000090       0x20 ./sources/board.o
 .debug_aranges
                0x000000b0       0x50 ./sources/clock_config.o
 .debug_aranges
                0x00000100       0x48 ./sources/freertos_mutex.o
 .debug_aranges
                0x00000148       0x30 ./sources/pin_mux.o
 .debug_aranges
                0x00000178       0x50 ./freertos/Source/portable/MemMang/heap_4.o
 .debug_aranges
                0x000001c8       0x20 ./freertos/Source/portable/GCC/ARM_CM4F/fsl_tickless_systick.o
 .debug_aranges
                0x000001e8       0x78 ./freertos/Source/portable/GCC/ARM_CM4F/port.o
 .debug_aranges
                0x00000260       0x40 ./freertos/Source/list.o
 .debug_aranges
                0x000002a0      0x118 ./freertos/Source/queue.o
 .debug_aranges
                0x000003b8      0x1e8 ./freertos/Source/tasks.o
 .debug_aranges
                0x000005a0       0xb8 ./freertos/Source/timers.o
 .debug_aranges
                0x00000658      0x1e8 ./drivers/fsl_clock.o
 .debug_aranges
                0x00000840       0x28 ./drivers/fsl_common.o
 .debug_aranges
                0x00000868      0x170 ./drivers/fsl_uart.o
 .debug_aranges
                0x000009d8       0x20 ./devices/gcc/startup_MK64F12.o
 .debug_aranges
                0x000009f8       0x28 ./devices/system_MK64F12.o

.debug_ranges   0x00000000      0x900
 .debug_ranges  0x00000000       0x80 ./utilities/fsl_debug_console.o
 .debug_ranges  0x00000080       0x10 ./sources/board.o
 .debug_ranges  0x00000090       0x40 ./sources/clock_config.o
 .debug_ranges  0x000000d0       0x38 ./sources/freertos_mutex.o
 .debug_ranges  0x00000108       0x20 ./sources/pin_mux.o
 .debug_ranges  0x00000128       0x40 ./freertos/Source/portable/MemMang/heap_4.o
 .debug_ranges  0x00000168       0x10 ./freertos/Source/portable/GCC/ARM_CM4F/fsl_tickless_systick.o
 .debug_ranges  0x00000178       0x68 ./freertos/Source/portable/GCC/ARM_CM4F/port.o
 .debug_ranges  0x000001e0       0x30 ./freertos/Source/list.o
 .debug_ranges  0x00000210      0x108 ./freertos/Source/queue.o
 .debug_ranges  0x00000318      0x1d8 ./freertos/Source/tasks.o
 .debug_ranges  0x000004f0       0xa8 ./freertos/Source/timers.o
 .debug_ranges  0x00000598      0x1d8 ./drivers/fsl_clock.o
 .debug_ranges  0x00000770       0x18 ./drivers/fsl_common.o
 .debug_ranges  0x00000788      0x160 ./drivers/fsl_uart.o
 .debug_ranges  0x000008e8       0x18 ./devices/system_MK64F12.o

.debug_line     0x00000000     0x422e
 .debug_line    0x00000000      0x535 ./utilities/fsl_debug_console.o
 .debug_line    0x00000535       0xea ./sources/board.o
 .debug_line    0x0000061f      0x18d ./sources/clock_config.o
 .debug_line    0x000007ac      0x22f ./sources/freertos_mutex.o
 .debug_line    0x000009db      0x128 ./sources/pin_mux.o
 .debug_line    0x00000b03      0x23e ./freertos/Source/portable/MemMang/heap_4.o
 .debug_line    0x00000d41       0xd9 ./freertos/Source/portable/GCC/ARM_CM4F/fsl_tickless_systick.o
 .debug_line    0x00000e1a      0x2bc ./freertos/Source/portable/GCC/ARM_CM4F/port.o
 .debug_line    0x000010d6      0x171 ./freertos/Source/list.o
 .debug_line    0x00001247      0x904 ./freertos/Source/queue.o
 .debug_line    0x00001b4b      0xd96 ./freertos/Source/tasks.o
 .debug_line    0x000028e1      0x468 ./freertos/Source/timers.o
 .debug_line    0x00002d49      0x8d8 ./drivers/fsl_clock.o
 .debug_line    0x00003621      0x175 ./drivers/fsl_common.o
 .debug_line    0x00003796      0x7e4 ./drivers/fsl_uart.o
 .debug_line    0x00003f7a      0x181 ./devices/gcc/startup_MK64F12.o
 .debug_line    0x000040fb      0x133 ./devices/system_MK64F12.o

.debug_str      0x00000000     0x52b4
 .debug_str     0x00000000      0xb8b ./utilities/fsl_debug_console.o
                                0xc28 (size before relaxing)
 .debug_str     0x00000b8b       0x39 ./sources/board.o
                                0x2e1 (size before relaxing)
 .debug_str     0x00000bc4      0x4f8 ./sources/clock_config.o
                                0x73b (size before relaxing)
 .debug_str     0x000010bc       0xa6 ./sources/freertos_mutex.o
                                0x657 (size before relaxing)
 .debug_str     0x00001162      0x411 ./sources/pin_mux.o
                                0x6ea (size before relaxing)
 .debug_str     0x00001573      0x20a ./freertos/Source/portable/MemMang/heap_4.o
                                0x3f5 (size before relaxing)
 .debug_str     0x0000177d       0x59 ./freertos/Source/portable/GCC/ARM_CM4F/fsl_tickless_systick.o
                                0x250 (size before relaxing)
 .debug_str     0x000017d6      0x21e ./freertos/Source/portable/GCC/ARM_CM4F/port.o
                                0x445 (size before relaxing)
 .debug_str     0x000019f4      0x12c ./freertos/Source/list.o
                                0x335 (size before relaxing)
 .debug_str     0x00001b20      0x583 ./freertos/Source/queue.o
                                0x8b5 (size before relaxing)
 .debug_str     0x000020a3      0xc05 ./freertos/Source/tasks.o
                               0x103c (size before relaxing)
 .debug_str     0x00002ca8      0x42a ./freertos/Source/timers.o
                                0x777 (size before relaxing)
 .debug_str     0x000030d2      0xf47 ./drivers/fsl_clock.o
                               0x1b37 (size before relaxing)
 .debug_str     0x00004019      0x5fd ./drivers/fsl_common.o
                                0x822 (size before relaxing)
 .debug_str     0x00004616      0xbef ./drivers/fsl_uart.o
                               0x1bea (size before relaxing)
 .debug_str     0x00005205       0xaf ./devices/system_MK64F12.o
                                0x3ec (size before relaxing)

.comment        0x00000000       0x70
 .comment       0x00000000       0x70 ./utilities/fsl_debug_console.o
                                 0x71 (size before relaxing)
 .comment       0x00000000       0x71 ./sources/board.o
 .comment       0x00000000       0x71 ./sources/clock_config.o
 .comment       0x00000000       0x71 ./sources/freertos_mutex.o
 .comment       0x00000000       0x71 ./sources/pin_mux.o
 .comment       0x00000000       0x71 ./freertos/Source/portable/MemMang/heap_4.o
 .comment       0x00000000       0x71 ./freertos/Source/portable/GCC/ARM_CM4F/fsl_tickless_systick.o
 .comment       0x00000000       0x71 ./freertos/Source/portable/GCC/ARM_CM4F/port.o
 .comment       0x00000000       0x71 ./freertos/Source/list.o
 .comment       0x00000000       0x71 ./freertos/Source/queue.o
 .comment       0x00000000       0x71 ./freertos/Source/tasks.o
 .comment       0x00000000       0x71 ./freertos/Source/timers.o
 .comment       0x00000000       0x71 ./drivers/fsl_clock.o
 .comment       0x00000000       0x71 ./drivers/fsl_common.o
 .comment       0x00000000       0x71 ./drivers/fsl_uart.o
 .comment       0x00000000       0x71 ./devices/system_MK64F12.o

.debug_frame    0x00000000     0x2188
 .debug_frame   0x00000000      0x1ec ./utilities/fsl_debug_console.o
 .debug_frame   0x000001ec       0x30 ./sources/board.o
 .debug_frame   0x0000021c       0xdc ./sources/clock_config.o
 .debug_frame   0x000002f8       0xd0 ./sources/freertos_mutex.o
 .debug_frame   0x000003c8       0x64 ./sources/pin_mux.o
 .debug_frame   0x0000042c       0xd0 ./freertos/Source/portable/MemMang/heap_4.o
 .debug_frame   0x000004fc       0x28 ./freertos/Source/portable/GCC/ARM_CM4F/fsl_tickless_systick.o
 .debug_frame   0x00000524      0x138 ./freertos/Source/portable/GCC/ARM_CM4F/port.o
 .debug_frame   0x0000065c       0x9c ./freertos/Source/list.o
 .debug_frame   0x000006f8      0x3ec ./freertos/Source/queue.o
 .debug_frame   0x00000ae4      0x6f8 ./freertos/Source/tasks.o
 .debug_frame   0x000011dc      0x278 ./freertos/Source/timers.o
 .debug_frame   0x00001454      0x6ac ./drivers/fsl_clock.o
 .debug_frame   0x00001b00       0x4c ./drivers/fsl_common.o
 .debug_frame   0x00001b4c      0x51c ./drivers/fsl_uart.o
 .debug_frame   0x00002068       0x44 ./devices/system_MK64F12.o
 .debug_frame   0x000020ac       0x28 /opt/Freescale/KDS_v3/toolchain/bin/../lib/gcc/arm-none-eabi/4.8.4/../../../../arm-none-eabi/lib/armv7e-m/fpu/libg_s.a(lib_a-exit.o)
 .debug_frame   0x000020d4       0x2c /opt/Freescale/KDS_v3/toolchain/bin/../lib/gcc/arm-none-eabi/4.8.4/../../../../arm-none-eabi/lib/armv7e-m/fpu/libg_s.a(lib_a-init.o)
 .debug_frame   0x00002100       0x28 /opt/Freescale/KDS_v3/toolchain/bin/../lib/gcc/arm-none-eabi/4.8.4/../../../../arm-none-eabi/lib/armv7e-m/fpu/libg_s.a(lib_a-memcpy-stub.o)
 .debug_frame   0x00002128       0x20 /opt/Freescale/KDS_v3/toolchain/bin/../lib/gcc/arm-none-eabi/4.8.4/../../../../arm-none-eabi/lib/armv7e-m/fpu/libg_s.a(lib_a-memset.o)
 .debug_frame   0x00002148       0x20 /opt/Freescale/KDS_v3/toolchain/bin/../lib/gcc/arm-none-eabi/4.8.4/../../../../arm-none-eabi/lib/armv7e-m/fpu/libg_s.a(lib_a-strlen.o)
 .debug_frame   0x00002168       0x20 /opt/Freescale/KDS_v3/toolchain/bin/../lib/gcc/arm-none-eabi/4.8.4/../../../../arm-none-eabi/lib/armv7e-m/fpu/libnosys.a(_exit.o)
